
Optional file libmchp_peripheral.a not found

Optional file libmchp_peripheral_32MX170F256B.a not found
Archive member included because of file (symbol)

c:/program files/microchip/xc32/v2.41/bin/bin/../../lib/gcc/pic32mx/4.8.3\libgcc.a(floatunsisf.o)
                              build/FrameworkWith_u8g2/debug/ProjectSource/Locomotion.o (__floatunsisf)
c:/program files/microchip/xc32/v2.41/bin/bin/../../lib/gcc/pic32mx/4.8.3/../../../../pic32mx/lib\libpic32.a(memset.o)
                              build/FrameworkWith_u8g2/debug/u8g2/u8g2_buffer.o (memset)
c:/program files/microchip/xc32/v2.41/bin/bin/../../lib/gcc/pic32mx/4.8.3/../../../../pic32mx/lib\libpic32.a(default-bootstrap-exception-handler.o)
                              C:\Users\ashle\AppData\Local\Temp\ccMCBG3g.o (_bootstrap_exception_handler)
c:/program files/microchip/xc32/v2.41/bin/bin/../../lib/gcc/pic32mx/4.8.3/../../../../pic32mx/lib\libpic32.a(default-on-reset.o)
                              C:\Users\ashle\AppData\Local\Temp\ccMCBG3g.o (_on_reset)
c:/program files/microchip/xc32/v2.41/bin/bin/../../lib/gcc/pic32mx/4.8.3/../../../../pic32mx/lib\libpic32.a(default-on-bootstrap.o)
                              C:\Users\ashle\AppData\Local\Temp\ccMCBG3g.o (_on_bootstrap)
c:/program files/microchip/xc32/v2.41/bin/bin/../../lib/gcc/pic32mx/4.8.3/../../../../pic32mx/lib\libpic32.a(default-nmi-handler.o)
                              C:\Users\ashle\AppData\Local\Temp\ccMCBG3g.o (_nmi_handler)
c:/program files/microchip/xc32/v2.41/bin/bin/../../lib/gcc/pic32mx/4.8.3/../../../../pic32mx/lib\libpic32.a(xc32_uart.o)
                              build/FrameworkWith_u8g2/debug/FrameworkSource/terminal.o (__XC_UART)
c:/program files/microchip/xc32/v2.41/bin/bin/../../lib/gcc/pic32mx/4.8.3/../../../../pic32mx/lib\libpic32.a(pic32_data_init.o)
                              C:\Users\ashle\AppData\Local\Temp\ccMCBG3g.o (__pic32_data_init)
c:/program files/microchip/xc32/v2.41/bin/bin/../../lib/gcc/pic32mx/4.8.3/../../../../pic32mx/lib\libpic32.a(general-exception.o)
                              C:\Users\ashle\AppData\Local\Temp\ccMCBG3g.o (_general_exception_context)
c:/program files/microchip/xc32/v2.41/bin/bin/../../lib/gcc/pic32mx/4.8.3/../../../../pic32mx/lib\libpic32.a(vector1.o)
                              C:\Users\ashle\AppData\Local\Temp\ccG41UOg.o (__vector_dispatch_1)
c:/program files/microchip/xc32/v2.41/bin/bin/../../lib/gcc/pic32mx/4.8.3/../../../../pic32mx/lib\libpic32.a(vector2.o)
                              C:\Users\ashle\AppData\Local\Temp\ccG41UOg.o (__vector_dispatch_2)
c:/program files/microchip/xc32/v2.41/bin/bin/../../lib/gcc/pic32mx/4.8.3/../../../../pic32mx/lib\libpic32.a(vector3.o)
                              C:\Users\ashle\AppData\Local\Temp\ccG41UOg.o (__vector_dispatch_3)
c:/program files/microchip/xc32/v2.41/bin/bin/../../lib/gcc/pic32mx/4.8.3/../../../../pic32mx/lib\libpic32.a(vector4.o)
                              C:\Users\ashle\AppData\Local\Temp\ccG41UOg.o (__vector_dispatch_4)
c:/program files/microchip/xc32/v2.41/bin/bin/../../lib/gcc/pic32mx/4.8.3/../../../../pic32mx/lib\libpic32.a(vector5.o)
                              C:\Users\ashle\AppData\Local\Temp\ccG41UOg.o (__vector_dispatch_5)
c:/program files/microchip/xc32/v2.41/bin/bin/../../lib/gcc/pic32mx/4.8.3/../../../../pic32mx/lib\libpic32.a(vector6.o)
                              C:\Users\ashle\AppData\Local\Temp\ccG41UOg.o (__vector_dispatch_6)
c:/program files/microchip/xc32/v2.41/bin/bin/../../lib/gcc/pic32mx/4.8.3/../../../../pic32mx/lib\libpic32.a(vector7.o)
                              C:\Users\ashle\AppData\Local\Temp\ccG41UOg.o (__vector_dispatch_7)
c:/program files/microchip/xc32/v2.41/bin/bin/../../lib/gcc/pic32mx/4.8.3/../../../../pic32mx/lib\libpic32.a(vector9.o)
                              C:\Users\ashle\AppData\Local\Temp\ccG41UOg.o (__vector_dispatch_9)
c:/program files/microchip/xc32/v2.41/bin/bin/../../lib/gcc/pic32mx/4.8.3/../../../../pic32mx/lib\libpic32.a(vector10.o)
                              C:\Users\ashle\AppData\Local\Temp\ccG41UOg.o (__vector_dispatch_10)
c:/program files/microchip/xc32/v2.41/bin/bin/../../lib/gcc/pic32mx/4.8.3/../../../../pic32mx/lib\libpic32.a(vector11.o)
                              C:\Users\ashle\AppData\Local\Temp\ccG41UOg.o (__vector_dispatch_11)
c:/program files/microchip/xc32/v2.41/bin/bin/../../lib/gcc/pic32mx/4.8.3/../../../../pic32mx/lib\libpic32.a(vector12.o)
                              C:\Users\ashle\AppData\Local\Temp\ccG41UOg.o (__vector_dispatch_12)
c:/program files/microchip/xc32/v2.41/bin/bin/../../lib/gcc/pic32mx/4.8.3/../../../../pic32mx/lib\libpic32.a(vector13.o)
                              C:\Users\ashle\AppData\Local\Temp\ccG41UOg.o (__vector_dispatch_13)
c:/program files/microchip/xc32/v2.41/bin/bin/../../lib/gcc/pic32mx/4.8.3/../../../../pic32mx/lib\libpic32.a(vector14.o)
                              C:\Users\ashle\AppData\Local\Temp\ccG41UOg.o (__vector_dispatch_14)
[...]
Memory Configuration

Name             Origin             Length             Attributes
kseg0_data_mem   0x80000000         0x00000200
kseg1_data_mem   0xa0000000         0x00010000         w !x
kseg0_boot_mem   0x9fc00490         0x00000000
kseg1_boot_mem   0xbfc00000         0x00000490
kseg0_program_mem 0x9d000000         0x0003f000         xr
exception_mem    0x9d03f000         0x00001000
debug_exec_mem   0x9fc00490         0x00000760
config3          0xbfc00bf0         0x00000004
config2          0xbfc00bf4         0x00000004
config1          0xbfc00bf8         0x00000004
config0          0xbfc00bfc         0x00000004
sfrs             0xbf800000         0x00100000
configsfrs       0xbfc00bf0         0x00000010
*default*        0x00000000         0xffffffff

Linker script and memory map


reserve_data_0_kseg0
                0x80000000      0x200
                0x80000000        0x2 SHORT 0x0
                0x000001fd                . = 0x1fd
 *fill*         0x80000002      0x1fb 
                0x80000200                . = ALIGN (0x4)
 *fill*         0x800001fd        0x3 

reserve_data_0_kseg1
                0xa0000000      0x200
                0xa0000000        0x2 SHORT 0x0
                0x000001fd                . = 0x1fd
 *fill*         0xa0000002      0x1fb 
                0xa0000200                . = ALIGN (0x4)
 *fill*         0xa00001fd        0x3 

reserve_boot_0x1fc00490_kseg0
                0x9fc00490      0x760
                0x9fc00490        0x2 SHORT 0x0
                0x00000760                . = 0x760
 *fill*         0x9fc00492      0x75e 
                0x9fc00bf0                . = ALIGN (0x4)

reserve_boot_0x1fc00490_kseg1
                0xbfc00490      0x760
                0xbfc00490        0x2 SHORT 0x0
                0x00000760                . = 0x760
 *fill*         0xbfc00492      0x75e 
                0xbfc00bf0                . = ALIGN (0x4)
LOAD c:/program files/microchip/xc32/v2.41/bin/bin/../../lib/gcc/pic32mx/4.8.3/../../../../pic32mx/lib\software-debug-break.o
LOAD build/FrameworkWith_u8g2/debug/FrameworkSource/ES_Port.o
LOAD build/FrameworkWith_u8g2/debug/FrameworkSource/ES_Timers.o
LOAD build/FrameworkWith_u8g2/debug/FrameworkSource/ES_LookupTables.o
LOAD build/FrameworkWith_u8g2/debug/FrameworkSource/ES_CheckEvents.o
LOAD build/FrameworkWith_u8g2/debug/FrameworkSource/ES_DeferRecall.o
LOAD build/FrameworkWith_u8g2/debug/FrameworkSource/ES_Framework.o
LOAD build/FrameworkWith_u8g2/debug/FrameworkSource/ES_Queue.o
LOAD build/FrameworkWith_u8g2/debug/FrameworkSource/ES_PostList.o
LOAD build/FrameworkWith_u8g2/debug/FrameworkSource/terminal.o
LOAD build/FrameworkWith_u8g2/debug/ProjectSource/main.o
LOAD build/FrameworkWith_u8g2/debug/ProjectSource/EventCheckers.o
LOAD build/FrameworkWith_u8g2/debug/ProjectSource/dbprintf.o
LOAD build/FrameworkWith_u8g2/debug/ProjectSource/Locomotion.o
LOAD build/FrameworkWith_u8g2/debug/ProjectSource/LocomotionTestHarness.o
LOAD build/FrameworkWith_u8g2/debug/u8g2/spi_master.o
LOAD build/FrameworkWith_u8g2/debug/u8g2/u8g2_bitmap.o
LOAD build/FrameworkWith_u8g2/debug/u8g2/u8g2_box.o
LOAD build/FrameworkWith_u8g2/debug/u8g2/u8g2_buffer.o
LOAD build/FrameworkWith_u8g2/debug/u8g2/u8g2_circle.o
LOAD build/FrameworkWith_u8g2/debug/u8g2/u8g2_cleardisplay.o
LOAD build/FrameworkWith_u8g2/debug/u8g2/u8g2_d_memory.o
LOAD build/FrameworkWith_u8g2/debug/u8g2/u8g2_d_setup.o
LOAD build/FrameworkWith_u8g2/debug/u8g2/u8g2_font.o
LOAD build/FrameworkWith_u8g2/debug/u8g2/u8g2_fonts.o
LOAD build/FrameworkWith_u8g2/debug/u8g2/u8g2_hvline.o
LOAD build/FrameworkWith_u8g2/debug/u8g2/u8g2_input_value.o
LOAD build/FrameworkWith_u8g2/debug/u8g2/u8g2_intersection.o
LOAD build/FrameworkWith_u8g2/debug/u8g2/u8g2_kerning.o
LOAD build/FrameworkWith_u8g2/debug/u8g2/u8g2_line.o
LOAD build/FrameworkWith_u8g2/debug/u8g2/u8g2_ll_hvline.o
LOAD build/FrameworkWith_u8g2/debug/u8g2/u8g2_message.o
LOAD build/FrameworkWith_u8g2/debug/u8g2/u8g2_pic32mz.o
LOAD build/FrameworkWith_u8g2/debug/u8g2/u8g2_polygon.o
LOAD build/FrameworkWith_u8g2/debug/u8g2/u8g2_selection_list.o
LOAD build/FrameworkWith_u8g2/debug/u8g2/u8g2_setup.o
LOAD build/FrameworkWith_u8g2/debug/u8g2/u8log.o
LOAD build/FrameworkWith_u8g2/debug/u8g2/u8log_u8g2.o
LOAD build/FrameworkWith_u8g2/debug/u8g2/u8log_u8x8.o
LOAD build/FrameworkWith_u8g2/debug/u8g2/u8x8_8x8.o
LOAD build/FrameworkWith_u8g2/debug/u8g2/u8x8_byte.o
LOAD build/FrameworkWith_u8g2/debug/u8g2/u8x8_cad.o
LOAD build/FrameworkWith_u8g2/debug/u8g2/u8x8_d_ssd1306_128x64_noname.o
LOAD build/FrameworkWith_u8g2/debug/u8g2/u8x8_debounce.o
LOAD build/FrameworkWith_u8g2/debug/u8g2/u8x8_display.o
LOAD build/FrameworkWith_u8g2/debug/u8g2/u8x8_fonts.o
LOAD build/FrameworkWith_u8g2/debug/u8g2/u8x8_gpio.o
LOAD build/FrameworkWith_u8g2/debug/u8g2/u8x8_input_value.o
LOAD build/FrameworkWith_u8g2/debug/u8g2/u8x8_message.o
LOAD build/FrameworkWith_u8g2/debug/u8g2/u8x8_selection_list.o
LOAD build/FrameworkWith_u8g2/debug/u8g2/u8x8_setup.o
LOAD build/FrameworkWith_u8g2/debug/u8g2/u8x8_string.o
LOAD build/FrameworkWith_u8g2/debug/u8g2/u8x8_u16toa.o
LOAD build/FrameworkWith_u8g2/debug/u8g2/u8x8_u8toa.o
                0x00000001                __MPLAB_BUILD = 0x1
                0x00000001                __MPLAB_DEBUG = 0x1
                0x00000001                __DEBUG = 0x1
LOAD C:\Users\ashle\AppData\Local\Temp\ccMCBG3g.o
LOAD C:\Users\ashle\AppData\Local\Temp\ccrXiGEa.o
LOAD C:\Users\ashle\AppData\Local\Temp\ccG41UOg.o
LOAD c:/program files/microchip/xc32/v2.41/bin/bin/../../lib/gcc/pic32mx/4.8.3/../../../../pic32mx/lib\pic32_software_reset.o
                0x00000400                PROVIDE (_min_stack_size, 0x400)
START GROUP
LOAD c:/program files/microchip/xc32/v2.41/bin/bin/../../lib/gcc/pic32mx/4.8.3/../../../../pic32mx/lib/./proc/32MX170F256B\processor.o
END GROUP
START GROUP
LOAD libmchp_peripheral.a
END GROUP
START GROUP
LOAD libmchp_peripheral_32MX170F256B.a
END GROUP
                0x00000001                PROVIDE (_vector_spacing, 0x1)
                0x9d03f000                PROVIDE (_ebase_address, 0x9d03f000)
                0xbfc00000                _RESET_ADDR = 0xbfc00000
                0xbfc00380                _BEV_EXCPT_ADDR = 0xbfc00380
                0xbfc00480                _DBG_EXCPT_ADDR = 0xbfc00480
                0x9fc00490                _DBG_CODE_ADDR = 0x9fc00490
                0x00000760                _DBG_CODE_SIZE = 0x760
                0x9d03f180                _GEN_EXCPT_ADDR = (_ebase_address + 0x180)

.config_BFC00BF0
                0xbfc00bf0        0x4
 *(.config_BFC00BF0)
 .config_BFC00BF0
                0xbfc00bf0        0x4 build/FrameworkWith_u8g2/debug/FrameworkSource/ES_Port.o

.config_BFC00BF4
                0xbfc00bf4        0x4
 *(.config_BFC00BF4)
 .config_BFC00BF4
                0xbfc00bf4        0x4 build/FrameworkWith_u8g2/debug/FrameworkSource/ES_Port.o

.config_BFC00BF8
                0xbfc00bf8        0x4
 *(.config_BFC00BF8)
 .config_BFC00BF8
                0xbfc00bf8        0x4 build/FrameworkWith_u8g2/debug/FrameworkSource/ES_Port.o

.config_BFC00BFC
                0xbfc00bfc        0x4
 *(.config_BFC00BFC)
 .config_BFC00BFC
                0xbfc00bfc        0x4 build/FrameworkWith_u8g2/debug/FrameworkSource/ES_Port.o
                0xbfc02000                PROVIDE (_DBG_CODE_ADDR, 0xbfc02000)
                0x00000ff0                PROVIDE (_DBG_CODE_SIZE, 0xff0)

.reset          0xbfc00000      0x178
 *(.reset)
 .reset         0xbfc00000        0x8 C:\Users\ashle\AppData\Local\Temp\ccMCBG3g.o
                0xbfc00000                _reset
 *(.reset.startup)
 .reset.startup
                0xbfc00008      0x170 C:\Users\ashle\AppData\Local\Temp\ccMCBG3g.o
                0xbfc00008                _startup

.bev_excpt      0xbfc00380       0x10
 *(.bev_handler)
 .bev_handler   0xbfc00380       0x10 C:\Users\ashle\AppData\Local\Temp\ccMCBG3g.o

.dbg_excpt      0xbfc00480        0x0
                0xbfc00480                . = (. + DEFINED (_DEBUGGER)?0x8:0x0)

.dbg_code       0x9fc00490        0x0
                0x9fc00490                . = (. + DEFINED (_DEBUGGER)?_DBG_CODE_SIZE:0x0)

.app_excpt      0x9d03f180       0x10
 *(.gen_handler)
 .gen_handler   0x9d03f180       0x10 C:\Users\ashle\AppData\Local\Temp\ccMCBG3g.o

.vector_0       0x9d03f200        0x8
 *(.vector_0)
 .vector_0      0x9d03f200        0x8 build/FrameworkWith_u8g2/debug/FrameworkSource/ES_Port.o
                0x9d03f200                __vector_dispatch_0
                0x00000001                ASSERT (((_vector_spacing == 0x0) || (SIZEOF (.vector_0) <= (_vector_spacing << 0x5))), function at exception vector 0 too large)

.vector_1       0x9d03f220        0x8
 *(.vector_1)
 .vector_1      0x9d03f220        0x8 c:/program files/microchip/xc32/v2.41/bin/bin/../../lib/gcc/pic32mx/4.8.3/../../../../pic32mx/lib\libpic32.a(vector1.o)
                0x9d03f220                __vector_dispatch_1
                0x00000001                ASSERT (((_vector_spacing == 0x0) || (SIZEOF (.vector_1) <= (_vector_spacing << 0x5))), function at exception vector 1 too large)

.vector_2       0x9d03f240        0x8
 *(.vector_2)
 .vector_2      0x9d03f240        0x8 c:/program files/microchip/xc32/v2.41/bin/bin/../../lib/gcc/pic32mx/4.8.3/../../../../pic32mx/lib\libpic32.a(vector2.o)
                0x9d03f240                __vector_dispatch_2
                0x00000001                ASSERT (((_vector_spacing == 0x0) || (SIZEOF (.vector_2) <= (_vector_spacing << 0x5))), function at exception vector 2 too large)

.vector_3       0x9d03f260        0x8
 *(.vector_3)
 .vector_3      0x9d03f260        0x8 c:/program files/microchip/xc32/v2.41/bin/bin/../../lib/gcc/pic32mx/4.8.3/../../../../pic32mx/lib\libpic32.a(vector3.o)
                0x9d03f260                __vector_dispatch_3
                0x00000001                ASSERT (((_vector_spacing == 0x0) || (SIZEOF (.vector_3) <= (_vector_spacing << 0x5))), function at exception vector 3 too large)

.vector_4       0x9d03f280        0x8
 *(.vector_4)
 .vector_4      0x9d03f280        0x8 c:/program files/microchip/xc32/v2.41/bin/bin/../../lib/gcc/pic32mx/4.8.3/../../../../pic32mx/lib\libpic32.a(vector4.o)
                0x9d03f280                __vector_dispatch_4
                0x00000001                ASSERT (((_vector_spacing == 0x0) || (SIZEOF (.vector_4) <= (_vector_spacing << 0x5))), function at exception vector 4 too large)

.vector_5       0x9d03f2a0        0x8
 *(.vector_5)
 .vector_5      0x9d03f2a0        0x8 c:/program files/microchip/xc32/v2.41/bin/bin/../../lib/gcc/pic32mx/4.8.3/../../../../pic32mx/lib\libpic32.a(vector5.o)
                0x9d03f2a0                __vector_dispatch_5
                0x00000001                ASSERT (((_vector_spacing == 0x0) || (SIZEOF (.vector_5) <= (_vector_spacing << 0x5))), function at exception vector 5 too large)

.vector_6       0x9d03f2c0        0x8
 *(.vector_6)
 .vector_6      0x9d03f2c0        0x8 c:/program files/microchip/xc32/v2.41/bin/bin/../../lib/gcc/pic32mx/4.8.3/../../../../pic32mx/lib\libpic32.a(vector6.o)
                0x9d03f2c0                __vector_dispatch_6
                0x00000001                ASSERT (((_vector_spacing == 0x0) || (SIZEOF (.vector_6) <= (_vector_spacing << 0x5))), function at exception vector 6 too large)

.vector_7       0x9d03f2e0        0x8
 *(.vector_7)
 .vector_7      0x9d03f2e0        0x8 c:/program files/microchip/xc32/v2.41/bin/bin/../../lib/gcc/pic32mx/4.8.3/../../../../pic32mx/lib\libpic32.a(vector7.o)
                0x9d03f2e0                __vector_dispatch_7
                0x00000001                ASSERT (((_vector_spacing == 0x0) || (SIZEOF (.vector_7) <= (_vector_spacing << 0x5))), function at exception vector 7 too large)

.vector_8       0x9d03f300        0x8
 *(.vector_8)
 .vector_8      0x9d03f300        0x8 build/FrameworkWith_u8g2/debug/ProjectSource/Locomotion.o
                0x9d03f300                __vector_dispatch_8
                0x00000001                ASSERT (((_vector_spacing == 0x0) || (SIZEOF (.vector_8) <= (_vector_spacing << 0x5))), function at exception vector 8 too large)

.vector_9       0x9d03f320        0x8
 *(.vector_9)
 .vector_9      0x9d03f320        0x8 c:/program files/microchip/xc32/v2.41/bin/bin/../../lib/gcc/pic32mx/4.8.3/../../../../pic32mx/lib\libpic32.a(vector9.o)
                0x9d03f320                __vector_dispatch_9
                0x00000001                ASSERT (((_vector_spacing == 0x0) || (SIZEOF (.vector_9) <= (_vector_spacing << 0x5))), function at exception vector 9 too large)

.vector_10      0x9d03f340        0x8
 *(.vector_10)
 .vector_10     0x9d03f340        0x8 c:/program files/microchip/xc32/v2.41/bin/bin/../../lib/gcc/pic32mx/4.8.3/../../../../pic32mx/lib\libpic32.a(vector10.o)
                0x9d03f340                __vector_dispatch_10
                0x00000001                ASSERT (((_vector_spacing == 0x0) || (SIZEOF (.vector_10) <= (_vector_spacing << 0x5))), function at exception vector 10 too large)

.vector_11      0x9d03f360        0x8
 *(.vector_11)
 .vector_11     0x9d03f360        0x8 c:/program files/microchip/xc32/v2.41/bin/bin/../../lib/gcc/pic32mx/4.8.3/../../../../pic32mx/lib\libpic32.a(vector11.o)
                0x9d03f360                __vector_dispatch_11
                0x00000001                ASSERT (((_vector_spacing == 0x0) || (SIZEOF (.vector_11) <= (_vector_spacing << 0x5))), function at exception vector 11 too large)

.vector_12      0x9d03f380        0x8
 *(.vector_12)
 .vector_12     0x9d03f380        0x8 c:/program files/microchip/xc32/v2.41/bin/bin/../../lib/gcc/pic32mx/4.8.3/../../../../pic32mx/lib\libpic32.a(vector12.o)
                0x9d03f380                __vector_dispatch_12
                0x00000001                ASSERT (((_vector_spacing == 0x0) || (SIZEOF (.vector_12) <= (_vector_spacing << 0x5))), function at exception vector 12 too large)

.vector_13      0x9d03f3a0        0x8
 *(.vector_13)
 .vector_13     0x9d03f3a0        0x8 c:/program files/microchip/xc32/v2.41/bin/bin/../../lib/gcc/pic32mx/4.8.3/../../../../pic32mx/lib\libpic32.a(vector13.o)
                0x9d03f3a0                __vector_dispatch_13
                0x00000001                ASSERT (((_vector_spacing == 0x0) || (SIZEOF (.vector_13) <= (_vector_spacing << 0x5))), function at exception vector 13 too large)

.vector_14      0x9d03f3c0        0x8
 *(.vector_14)
 .vector_14     0x9d03f3c0        0x8 c:/program files/microchip/xc32/v2.41/bin/bin/../../lib/gcc/pic32mx/4.8.3/../../../../pic32mx/lib\libpic32.a(vector14.o)
                0x9d03f3c0                __vector_dispatch_14
                0x00000001                ASSERT (((_vector_spacing == 0x0) || (SIZEOF (.vector_14) <= (_vector_spacing << 0x5))), function at exception vector 14 too large)

.vector_15      0x9d03f3e0        0x8
 *(.vector_15)
 .vector_15     0x9d03f3e0        0x8 c:/program files/microchip/xc32/v2.41/bin/bin/../../lib/gcc/pic32mx/4.8.3/../../../../pic32mx/lib\libpic32.a(vector15.o)
                0x9d03f3e0                __vector_dispatch_15
                0x00000001                ASSERT (((_vector_spacing == 0x0) || (SIZEOF (.vector_15) <= (_vector_spacing << 0x5))), function at exception vector 15 too large)

.vector_16      0x9d03f400        0x8
 *(.vector_16)
 .vector_16     0x9d03f400        0x8 c:/program files/microchip/xc32/v2.41/bin/bin/../../lib/gcc/pic32mx/4.8.3/../../../../pic32mx/lib\libpic32.a(vector16.o)
                0x9d03f400                __vector_dispatch_16
                0x00000001                ASSERT (((_vector_spacing == 0x0) || (SIZEOF (.vector_16) <= (_vector_spacing << 0x5))), function at exception vector 16 too large)

.vector_17      0x9d03f420        0x8
 *(.vector_17)
 .vector_17     0x9d03f420        0x8 build/FrameworkWith_u8g2/debug/ProjectSource/Locomotion.o
                0x9d03f420                __vector_dispatch_17
                0x00000001                ASSERT (((_vector_spacing == 0x0) || (SIZEOF (.vector_17) <= (_vector_spacing << 0x5))), function at exception vector 17 too large)

.vector_18      0x9d03f440        0x8
 *(.vector_18)
 .vector_18     0x9d03f440        0x8 c:/program files/microchip/xc32/v2.41/bin/bin/../../lib/gcc/pic32mx/4.8.3/../../../../pic32mx/lib\libpic32.a(vector18.o)
                0x9d03f440                __vector_dispatch_18
                0x00000001                ASSERT (((_vector_spacing == 0x0) || (SIZEOF (.vector_18) <= (_vector_spacing << 0x5))), function at exception vector 18 too large)

.vector_19      0x9d03f460        0x8
 *(.vector_19)
 .vector_19     0x9d03f460        0x8 c:/program files/microchip/xc32/v2.41/bin/bin/../../lib/gcc/pic32mx/4.8.3/../../../../pic32mx/lib\libpic32.a(vector19.o)
                0x9d03f460                __vector_dispatch_19
                0x00000001                ASSERT (((_vector_spacing == 0x0) || (SIZEOF (.vector_19) <= (_vector_spacing << 0x5))), function at exception vector 19 too large)

.vector_20      0x9d03f480        0x8
 *(.vector_20)
 .vector_20     0x9d03f480        0x8 build/FrameworkWith_u8g2/debug/ProjectSource/Locomotion.o
                0x9d03f480                __vector_dispatch_20
                0x00000001                ASSERT (((_vector_spacing == 0x0) || (SIZEOF (.vector_20) <= (_vector_spacing << 0x5))), function at exception vector 20 too large)

.vector_21      0x9d03f4a0        0x8
 *(.vector_21)
 .vector_21     0x9d03f4a0        0x8 build/FrameworkWith_u8g2/debug/ProjectSource/Locomotion.o
                0x9d03f4a0                __vector_dispatch_21
                0x00000001                ASSERT (((_vector_spacing == 0x0) || (SIZEOF (.vector_21) <= (_vector_spacing << 0x5))), function at exception vector 21 too large)

.vector_22      0x9d03f4c0        0x8
 *(.vector_22)
 .vector_22     0x9d03f4c0        0x8 c:/program files/microchip/xc32/v2.41/bin/bin/../../lib/gcc/pic32mx/4.8.3/../../../../pic32mx/lib\libpic32.a(vector22.o)
                0x9d03f4c0                __vector_dispatch_22
                0x00000001                ASSERT (((_vector_spacing == 0x0) || (SIZEOF (.vector_22) <= (_vector_spacing << 0x5))), function at exception vector 22 too large)

.vector_23      0x9d03f4e0        0x8
 *(.vector_23)
 .vector_23     0x9d03f4e0        0x8 c:/program files/microchip/xc32/v2.41/bin/bin/../../lib/gcc/pic32mx/4.8.3/../../../../pic32mx/lib\libpic32.a(vector23.o)
                0x9d03f4e0                __vector_dispatch_23
                0x00000001                ASSERT (((_vector_spacing == 0x0) || (SIZEOF (.vector_23) <= (_vector_spacing << 0x5))), function at exception vector 23 too large)

.vector_24      0x9d03f500        0x8
 *(.vector_24)
 .vector_24     0x9d03f500        0x8 c:/program files/microchip/xc32/v2.41/bin/bin/../../lib/gcc/pic32mx/4.8.3/../../../../pic32mx/lib\libpic32.a(vector24.o)
                0x9d03f500                __vector_dispatch_24
                0x00000001                ASSERT (((_vector_spacing == 0x0) || (SIZEOF (.vector_24) <= (_vector_spacing << 0x5))), function at exception vector 24 too large)

.vector_25      0x9d03f520        0x8
 *(.vector_25)
 .vector_25     0x9d03f520        0x8 c:/program files/microchip/xc32/v2.41/bin/bin/../../lib/gcc/pic32mx/4.8.3/../../../../pic32mx/lib\libpic32.a(vector25.o)
                0x9d03f520                __vector_dispatch_25
                0x00000001                ASSERT (((_vector_spacing == 0x0) || (SIZEOF (.vector_25) <= (_vector_spacing << 0x5))), function at exception vector 25 too large)

.vector_26      0x9d03f540        0x8
 *(.vector_26)
 .vector_26     0x9d03f540        0x8 c:/program files/microchip/xc32/v2.41/bin/bin/../../lib/gcc/pic32mx/4.8.3/../../../../pic32mx/lib\libpic32.a(vector26.o)
                0x9d03f540                __vector_dispatch_26
                0x00000001                ASSERT (((_vector_spacing == 0x0) || (SIZEOF (.vector_26) <= (_vector_spacing << 0x5))), function at exception vector 26 too large)

.vector_27      0x9d03f560        0x8
 *(.vector_27)
 .vector_27     0x9d03f560        0x8 c:/program files/microchip/xc32/v2.41/bin/bin/../../lib/gcc/pic32mx/4.8.3/../../../../pic32mx/lib\libpic32.a(vector27.o)
                0x9d03f560                __vector_dispatch_27
                0x00000001                ASSERT (((_vector_spacing == 0x0) || (SIZEOF (.vector_27) <= (_vector_spacing << 0x5))), function at exception vector 27 too large)

.vector_28      0x9d03f580        0x8
 *(.vector_28)
 .vector_28     0x9d03f580        0x8 c:/program files/microchip/xc32/v2.41/bin/bin/../../lib/gcc/pic32mx/4.8.3/../../../../pic32mx/lib\libpic32.a(vector28.o)
                0x9d03f580                __vector_dispatch_28
                0x00000001                ASSERT (((_vector_spacing == 0x0) || (SIZEOF (.vector_28) <= (_vector_spacing << 0x5))), function at exception vector 28 too large)

.vector_29      0x9d03f5a0        0x8
 *(.vector_29)
 .vector_29     0x9d03f5a0        0x8 c:/program files/microchip/xc32/v2.41/bin/bin/../../lib/gcc/pic32mx/4.8.3/../../../../pic32mx/lib\libpic32.a(vector29.o)
                0x9d03f5a0                __vector_dispatch_29
                0x00000001                ASSERT (((_vector_spacing == 0x0) || (SIZEOF (.vector_29) <= (_vector_spacing << 0x5))), function at exception vector 29 too large)

.vector_30      0x9d03f5c0        0x8
 *(.vector_30)
 .vector_30     0x9d03f5c0        0x8 c:/program files/microchip/xc32/v2.41/bin/bin/../../lib/gcc/pic32mx/4.8.3/../../../../pic32mx/lib\libpic32.a(vector30.o)
                0x9d03f5c0                __vector_dispatch_30
                0x00000001                ASSERT (((_vector_spacing == 0x0) || (SIZEOF (.vector_30) <= (_vector_spacing << 0x5))), function at exception vector 30 too large)

.vector_31      0x9d03f5e0        0x8
 *(.vector_31)
 .vector_31     0x9d03f5e0        0x8 build/FrameworkWith_u8g2/debug/ProjectSource/Locomotion.o
                0x9d03f5e0                __vector_dispatch_31
                0x00000001                ASSERT (((_vector_spacing == 0x0) || (SIZEOF (.vector_31) <= (_vector_spacing << 0x5))), function at exception vector 31 too large)

.vector_32      0x9d03f600        0x8
 *(.vector_32)
 .vector_32     0x9d03f600        0x8 c:/program files/microchip/xc32/v2.41/bin/bin/../../lib/gcc/pic32mx/4.8.3/../../../../pic32mx/lib\libpic32.a(vector32.o)
                0x9d03f600                __vector_dispatch_32
                0x00000001                ASSERT (((_vector_spacing == 0x0) || (SIZEOF (.vector_32) <= (_vector_spacing << 0x5))), function at exception vector 32 too large)

.vector_33      0x9d03f620        0x8
 *(.vector_33)
 .vector_33     0x9d03f620        0x8 c:/program files/microchip/xc32/v2.41/bin/bin/../../lib/gcc/pic32mx/4.8.3/../../../../pic32mx/lib\libpic32.a(vector33.o)
                0x9d03f620                __vector_dispatch_33
                0x00000001                ASSERT (((_vector_spacing == 0x0) || (SIZEOF (.vector_33) <= (_vector_spacing << 0x5))), function at exception vector 33 too large)

.vector_34      0x9d03f640        0x8
 *(.vector_34)
 .vector_34     0x9d03f640        0x8 c:/program files/microchip/xc32/v2.41/bin/bin/../../lib/gcc/pic32mx/4.8.3/../../../../pic32mx/lib\libpic32.a(vector34.o)
                0x9d03f640                __vector_dispatch_34
                0x00000001                ASSERT (((_vector_spacing == 0x0) || (SIZEOF (.vector_34) <= (_vector_spacing << 0x5))), function at exception vector 34 too large)

.vector_35      0x9d03f660        0x8
 *(.vector_35)
 .vector_35     0x9d03f660        0x8 c:/program files/microchip/xc32/v2.41/bin/bin/../../lib/gcc/pic32mx/4.8.3/../../../../pic32mx/lib\libpic32.a(vector35.o)
                0x9d03f660                __vector_dispatch_35
                0x00000001                ASSERT (((_vector_spacing == 0x0) || (SIZEOF (.vector_35) <= (_vector_spacing << 0x5))), function at exception vector 35 too large)

.vector_36      0x9d03f680        0x8
 *(.vector_36)
 .vector_36     0x9d03f680        0x8 c:/program files/microchip/xc32/v2.41/bin/bin/../../lib/gcc/pic32mx/4.8.3/../../../../pic32mx/lib\libpic32.a(vector36.o)
                0x9d03f680                __vector_dispatch_36
                0x00000001                ASSERT (((_vector_spacing == 0x0) || (SIZEOF (.vector_36) <= (_vector_spacing << 0x5))), function at exception vector 36 too large)

.vector_37      0x9d03f6a0        0x8
 *(.vector_37)
 .vector_37     0x9d03f6a0        0x8 c:/program files/microchip/xc32/v2.41/bin/bin/../../lib/gcc/pic32mx/4.8.3/../../../../pic32mx/lib\libpic32.a(vector37.o)
                0x9d03f6a0                __vector_dispatch_37
                0x00000001                ASSERT (((_vector_spacing == 0x0) || (SIZEOF (.vector_37) <= (_vector_spacing << 0x5))), function at exception vector 37 too large)

.vector_38      0x9d03f6c0        0x8
 *(.vector_38)
 .vector_38     0x9d03f6c0        0x8 c:/program files/microchip/xc32/v2.41/bin/bin/../../lib/gcc/pic32mx/4.8.3/../../../../pic32mx/lib\libpic32.a(vector38.o)
                0x9d03f6c0                __vector_dispatch_38
                0x00000001                ASSERT (((_vector_spacing == 0x0) || (SIZEOF (.vector_38) <= (_vector_spacing << 0x5))), function at exception vector 38 too large)

.vector_39      0x9d03f6e0        0x8
 *(.vector_39)
 .vector_39     0x9d03f6e0        0x8 c:/program files/microchip/xc32/v2.41/bin/bin/../../lib/gcc/pic32mx/4.8.3/../../../../pic32mx/lib\libpic32.a(vector39.o)
                0x9d03f6e0                __vector_dispatch_39
                0x00000001                ASSERT (((_vector_spacing == 0x0) || (SIZEOF (.vector_39) <= (_vector_spacing << 0x5))), function at exception vector 39 too large)

.vector_40      0x9d03f700        0x8
 *(.vector_40)
 .vector_40     0x9d03f700        0x8 c:/program files/microchip/xc32/v2.41/bin/bin/../../lib/gcc/pic32mx/4.8.3/../../../../pic32mx/lib\libpic32.a(vector40.o)
                0x9d03f700                __vector_dispatch_40
                0x00000001                ASSERT (((_vector_spacing == 0x0) || (SIZEOF (.vector_40) <= (_vector_spacing << 0x5))), function at exception vector 40 too large)

.vector_41      0x9d03f720        0x8
 *(.vector_41)
 .vector_41     0x9d03f720        0x8 c:/program files/microchip/xc32/v2.41/bin/bin/../../lib/gcc/pic32mx/4.8.3/../../../../pic32mx/lib\libpic32.a(vector41.o)
                0x9d03f720                __vector_dispatch_41
                0x00000001                ASSERT (((_vector_spacing == 0x0) || (SIZEOF (.vector_41) <= (_vector_spacing << 0x5))), function at exception vector 41 too large)

.vector_42      0x9d03f740        0x8
 *(.vector_42)
 .vector_42     0x9d03f740        0x8 c:/program files/microchip/xc32/v2.41/bin/bin/../../lib/gcc/pic32mx/4.8.3/../../../../pic32mx/lib\libpic32.a(vector42.o)
                0x9d03f740                __vector_dispatch_42
                0x00000001                ASSERT (((_vector_spacing == 0x0) || (SIZEOF (.vector_42) <= (_vector_spacing << 0x5))), function at exception vector 42 too large)

.vector_43      0x9d03f760        0x8
 *(.vector_43)
 .vector_43     0x9d03f760        0x8 c:/program files/microchip/xc32/v2.41/bin/bin/../../lib/gcc/pic32mx/4.8.3/../../../../pic32mx/lib\libpic32.a(vector43.o)
                0x9d03f760                __vector_dispatch_43
                0x00000001                ASSERT (((_vector_spacing == 0x0) || (SIZEOF (.vector_43) <= (_vector_spacing << 0x5))), function at exception vector 43 too large)

.vector_44      0x9d03f780        0x0
 *(.vector_44)
                0x00000001                ASSERT (((_vector_spacing == 0x0) || (SIZEOF (.vector_44) <= (_vector_spacing << 0x5))), function at exception vector 44 too large)

.vector_45      0x9d03f7a0        0x0
 *(.vector_45)
                0x00000001                ASSERT (((_vector_spacing == 0x0) || (SIZEOF (.vector_45) <= (_vector_spacing << 0x5))), function at exception vector 45 too large)

.vector_46      0x9d03f7c0        0x0
 *(.vector_46)
                0x00000001                ASSERT (((_vector_spacing == 0x0) || (SIZEOF (.vector_46) <= (_vector_spacing << 0x5))), function at exception vector 46 too large)

.vector_47      0x9d03f7e0        0x0
 *(.vector_47)
                0x00000001                ASSERT (((_vector_spacing == 0x0) || (SIZEOF (.vector_47) <= (_vector_spacing << 0x5))), function at exception vector 47 too large)

.vector_48      0x9d03f800        0x0
 *(.vector_48)
                0x00000001                ASSERT (((_vector_spacing == 0x0) || (SIZEOF (.vector_48) <= (_vector_spacing << 0x5))), function at exception vector 48 too large)

.vector_49      0x9d03f820        0x0
 *(.vector_49)
                0x00000001                ASSERT (((_vector_spacing == 0x0) || (SIZEOF (.vector_49) <= (_vector_spacing << 0x5))), function at exception vector 49 too large)

.vector_50      0x9d03f840        0x0
 *(.vector_50)
                0x00000001                ASSERT (((_vector_spacing == 0x0) || (SIZEOF (.vector_50) <= (_vector_spacing << 0x5))), function at exception vector 50 too large)

.vector_51      0x9d03f860        0x0
 *(.vector_51)
                0x00000001                ASSERT (((_vector_spacing == 0x0) || (SIZEOF (.vector_51) <= (_vector_spacing << 0x5))), function at exception vector 51 too large)

.vector_52      0x9d03f880        0x0
 *(.vector_52)
                0x00000001                ASSERT (((_vector_spacing == 0x0) || (SIZEOF (.vector_52) <= (_vector_spacing << 0x5))), function at exception vector 52 too large)

.vector_53      0x9d03f8a0        0x0
 *(.vector_53)
                0x00000001                ASSERT (((_vector_spacing == 0x0) || (SIZEOF (.vector_53) <= (_vector_spacing << 0x5))), function at exception vector 53 too large)

.vector_54      0x9d03f8c0        0x0
 *(.vector_54)
                0x00000001                ASSERT (((_vector_spacing == 0x0) || (SIZEOF (.vector_54) <= (_vector_spacing << 0x5))), function at exception vector 54 too large)

.vector_55      0x9d03f8e0        0x0
 *(.vector_55)
                0x00000001                ASSERT (((_vector_spacing == 0x0) || (SIZEOF (.vector_55) <= (_vector_spacing << 0x5))), function at exception vector 55 too large)

.vector_56      0x9d03f900        0x0
 *(.vector_56)
                0x00000001                ASSERT (((_vector_spacing == 0x0) || (SIZEOF (.vector_56) <= (_vector_spacing << 0x5))), function at exception vector 56 too large)

.vector_57      0x9d03f920        0x0
 *(.vector_57)
                0x00000001                ASSERT (((_vector_spacing == 0x0) || (SIZEOF (.vector_57) <= (_vector_spacing << 0x5))), function at exception vector 57 too large)

.vector_58      0x9d03f940        0x0
 *(.vector_58)
                0x00000001                ASSERT (((_vector_spacing == 0x0) || (SIZEOF (.vector_58) <= (_vector_spacing << 0x5))), function at exception vector 58 too large)

.vector_59      0x9d03f960        0x0
 *(.vector_59)
                0x00000001                ASSERT (((_vector_spacing == 0x0) || (SIZEOF (.vector_59) <= (_vector_spacing << 0x5))), function at exception vector 59 too large)

.vector_60      0x9d03f980        0x0
 *(.vector_60)
                0x00000001                ASSERT (((_vector_spacing == 0x0) || (SIZEOF (.vector_60) <= (_vector_spacing << 0x5))), function at exception vector 60 too large)

.vector_61      0x9d03f9a0        0x0
 *(.vector_61)
                0x00000001                ASSERT (((_vector_spacing == 0x0) || (SIZEOF (.vector_61) <= (_vector_spacing << 0x5))), function at exception vector 61 too large)

.vector_62      0x9d03f9c0        0x0
 *(.vector_62)
                0x00000001                ASSERT (((_vector_spacing == 0x0) || (SIZEOF (.vector_62) <= (_vector_spacing << 0x5))), function at exception vector 62 too large)

.vector_63      0x9d03f9e0        0x0
 *(.vector_63)
                0x00000001                ASSERT (((_vector_spacing == 0x0) || (SIZEOF (.vector_63) <= (_vector_spacing << 0x5))), function at exception vector 63 too large)

.startup
 *(.startup)

.text           0x9d000000        0x0
 *(.stub .gnu.linkonce.t.*)
 *(.text.*personality*)
 *(.mips16.fn.*)
 *(.mips16.call.*)
 *(.gnu.warning)
                0x9d000000                . = ALIGN (0x4)

.init           0x9d000000        0x0
 *crti.o(.init)
 *crtbegin.o(.init)
 *(EXCLUDE_FILE(*crtn.o *crtend?.o *crtend.o) .init)
 *crtend.o(.init)
 *crtn.o(.init)
                0x9d000000                . = ALIGN (0x4)

.fini           0x9d000000        0x0
 *(.fini)
                0x9d000000                . = ALIGN (0x4)

.preinit_array  0x9d000000        0x0
                0x9d000000                PROVIDE (__preinit_array_start, .)
 *(.preinit_array)
                0x9d000000                PROVIDE (__preinit_array_end, .)
                0x9d000000                . = ALIGN (0x4)

.init_array     0x9d000000        0x0
                0x9d000000                PROVIDE (__init_array_start, .)
 *(SORT(.init_array.*))
 *(.init_array)
                0x9d000000                PROVIDE (__init_array_end, .)
                0x9d000000                . = ALIGN (0x4)

.fini_array     0x9d000000        0x0
                0x9d000000                PROVIDE (__fini_array_start, .)
 *(SORT(.fini_array.*))
 *(.fini_array)
                0x9d000000                PROVIDE (__fini_array_end, .)
                0x9d000000                . = ALIGN (0x4)

.ctors          0x9d000000        0x0
 *crtbegin.o(.ctors)
 *crtbegin?.o(.ctors)
 *(EXCLUDE_FILE(*crtend?.o *crtend.o) .ctors)
 *(SORT(.ctors.*))
 *(.ctors)
                0x9d000000                . = ALIGN (0x4)

.dtors          0x9d000000        0x0
 *crtbegin.o(.dtors)
 *crtbegin?.o(.dtors)
 *(EXCLUDE_FILE(*crtend?.o *crtend.o) .dtors)
 *(SORT(.dtors.*))
 *(.dtors)
                0x9d000000                . = ALIGN (0x4)

.rodata         0x9d000000        0x0
 *(.gnu.linkonce.r.*)
 *(.rodata1)
                0x9d000000                . = ALIGN (0x4)

.sdata2         0x9fc00490        0x0
 *(.sdata2 .sdata2.* .gnu.linkonce.s2.*)
                0x9fc00490                . = ALIGN (0x4)

.sbss2          0x9fc00490        0x0
 *(.sbss2 .sbss2.* .gnu.linkonce.sb2.*)
                0x9fc00490                . = ALIGN (0x4)

.eh_frame_hdr
 *(.eh_frame_hdr)
                0x9fc00490                . = ALIGN (0x4)

.eh_frame
 *(.eh_frame)
                0x9fc00490                . = ALIGN (0x4)

.gcc_except_table
 *(.gcc_except_table .gcc_except_table.*)
                0x9fc00490                . = ALIGN (0x4)

.dbg_data       0xa0000200        0x0
                0xa0000200                . = (. + DEFINED (_DEBUGGER)?0x200:0x0)

.jcr            0xa0000200        0x0
 *(.jcr)
                0xa0000200                . = ALIGN (0x4)

.eh_frame
 *(.eh_frame)
                0xa0000200                . = ALIGN (0x4)

.gcc_except_table
 *(.gcc_except_table .gcc_except_table.*)
                0xa0000200                . = ALIGN (0x4)

.persist        0xa0000200        0x0
                0xa0000200                _persist_begin = .
 *(.persist .persist.*)
 *(.pbss .pbss.*)
                0xa0000200                . = ALIGN (0x4)
                0xa0000200                _persist_end = .

.data           0xa0000200        0x0
 *(.gnu.linkonce.d.*)
 *(.data1)
                0xa0000200                . = ALIGN (0x4)
                0xa0000200                . = .
                0xa00081f0                _gp = (ALIGN (0x10) + 0x7ff0)

.got            0xa0000200        0x0
 *(.got.plt)
 *(.got)
                0xa0000200                . = ALIGN (0x4)

.sdata          0xa0000200        0xc
                0xa0000200                _sdata_begin = .
 *(.sdata .sdata.* .gnu.linkonce.s.*)
 .sdata         0xa0000200        0x1 build/FrameworkWith_u8g2/debug/ProjectSource/LocomotionTestHarness.o
 *fill*         0xa0000201        0x3 
 .sdata         0xa0000204        0x4 c:/program files/microchip/xc32/v2.41/bin/bin/../../lib/gcc/pic32mx/4.8.3/../../../../pic32mx/lib\libpic32.a(xc32_uart.o)
                0xa0000204                __XC_UART
 .sdata         0xa0000208        0x4 c:/program files/microchip/xc32/v2.41/bin/bin/../../lib/gcc/pic32mx/4.8.3/../../../../pic32mx/lib\liblega-c.a(_iobdata.o)
                0xa0000208                _libc_data
                0xa000020c                . = ALIGN (0x4)
                0xa000020c                _sdata_end = .

.lit8
 *(.lit8)

.lit4
 *(.lit4)
                0xa000020c                . = ALIGN (0x4)
                0xa000020c                _data_end = .
                0xa000020c                _bss_begin = .

.sbss           0xa000020c       0xb0
                0xa000020c                _sbss_begin = .
 *(.dynsbss)
 *(.sbss .sbss.* .gnu.linkonce.sb.*)
 .sbss          0xa000020c        0xc build/FrameworkWith_u8g2/debug/FrameworkSource/ES_Port.o
 .sbss          0xa0000218       0x10 build/FrameworkWith_u8g2/debug/FrameworkSource/ES_Timers.o
 .sbss          0xa0000228        0x8 build/FrameworkWith_u8g2/debug/FrameworkSource/ES_Framework.o
 .sbss          0xa0000230        0x8 build/FrameworkWith_u8g2/debug/ProjectSource/dbprintf.o
 .sbss          0xa0000238       0x5c build/FrameworkWith_u8g2/debug/ProjectSource/Locomotion.o
 .sbss          0xa0000294        0x1 build/FrameworkWith_u8g2/debug/ProjectSource/LocomotionTestHarness.o
 *fill*         0xa0000295        0x3 
 .sbss          0xa0000298        0x8 build/FrameworkWith_u8g2/debug/u8g2/u8g2_setup.o
 .sbss          0xa00002a0        0x2 build/FrameworkWith_u8g2/debug/u8g2/u8x8_byte.o
 .sbss          0xa00002a2        0x4 build/FrameworkWith_u8g2/debug/u8g2/u8x8_cad.o
 *fill*         0xa00002a6        0x2 
 .sbss          0xa00002a8        0x8 build/FrameworkWith_u8g2/debug/u8g2/u8x8_u16toa.o
 .sbss          0xa00002b0        0x4 build/FrameworkWith_u8g2/debug/u8g2/u8x8_u8toa.o
 .sbss          0xa00002b4        0x4 c:/program files/microchip/xc32/v2.41/bin/bin/../../lib/gcc/pic32mx/4.8.3/../../../../pic32mx/lib\liblega-c.a(errno.o)
                0xa00002b4                errno
 *(.scommon)
 .scommon       0xa00002b8        0x1 build/FrameworkWith_u8g2/debug/FrameworkSource/ES_Port.o
                0xa00002b8                _INTCON_temp
 *fill*         0xa00002b9        0x1 
 .scommon       0xa00002ba        0x2 build/FrameworkWith_u8g2/debug/FrameworkSource/ES_Framework.o
                0xa00002ba                Ready
                0xa00002bc                _sbss_end = .
                0xa00002bc                . = ALIGN (0x4)

.bss            0xa00002bc        0x0
 *(.dynbss)
 *(COMMON)
                0xa00002bc                . = ALIGN ((. != 0x0)?0x4:0x1)
                0xa00002bc                . = ALIGN (0x4)
                0xa00002bc                _end = .
                0xa00002bc                _bss_end = .
                0x00010000                _bmxdudba_address = 0x10000
                0x00010000                _bmxdupba_address = 0x10000

/DISCARD/
 *(.pdr)
 *(.rel.dyn)
 *(.note.GNU-stack)
 *(.note.GNU-stack)
 *(.gnu_debuglink)
 *(.gnu.lto_*)
 *(.discard)

.gptab.sdata
 *(.gptab.data)
 *(.gptab.sdata)

.gptab.sbss
 *(.gptab.bss)
 *(.gptab.sbss)

.mdebug.abi32   0xa00002bc        0x0
 *(.mdebug.abi32)
 .mdebug.abi32  0xa00002bc        0x0 c:/program files/microchip/xc32/v2.41/bin/bin/../../lib/gcc/pic32mx/4.8.3/../../../../pic32mx/lib\software-debug-break.o
 .mdebug.abi32  0xa00002bc        0x0 build/FrameworkWith_u8g2/debug/FrameworkSource/ES_Port.o
 .mdebug.abi32  0xa00002bc        0x0 build/FrameworkWith_u8g2/debug/FrameworkSource/ES_Timers.o
 .mdebug.abi32  0xa00002bc        0x0 build/FrameworkWith_u8g2/debug/FrameworkSource/ES_LookupTables.o
 .mdebug.abi32  0xa00002bc        0x0 build/FrameworkWith_u8g2/debug/FrameworkSource/ES_CheckEvents.o
 .mdebug.abi32  0xa00002bc        0x0 build/FrameworkWith_u8g2/debug/FrameworkSource/ES_DeferRecall.o
 .mdebug.abi32  0xa00002bc        0x0 build/FrameworkWith_u8g2/debug/FrameworkSource/ES_Framework.o
 .mdebug.abi32  0xa00002bc        0x0 build/FrameworkWith_u8g2/debug/FrameworkSource/ES_Queue.o
 .mdebug.abi32  0xa00002bc        0x0 build/FrameworkWith_u8g2/debug/FrameworkSource/ES_PostList.o
 .mdebug.abi32  0xa00002bc        0x0 build/FrameworkWith_u8g2/debug/FrameworkSource/terminal.o
 .mdebug.abi32  0xa00002bc        0x0 build/FrameworkWith_u8g2/debug/ProjectSource/main.o
 .mdebug.abi32  0xa00002bc        0x0 build/FrameworkWith_u8g2/debug/ProjectSource/EventCheckers.o
 .mdebug.abi32  0xa00002bc        0x0 build/FrameworkWith_u8g2/debug/ProjectSource/dbprintf.o
 .mdebug.abi32  0xa00002bc        0x0 build/FrameworkWith_u8g2/debug/ProjectSource/Locomotion.o
 .mdebug.abi32  0xa00002bc        0x0 build/FrameworkWith_u8g2/debug/ProjectSource/LocomotionTestHarness.o
 .mdebug.abi32  0xa00002bc        0x0 build/FrameworkWith_u8g2/debug/u8g2/spi_master.o
 .mdebug.abi32  0xa00002bc        0x0 build/FrameworkWith_u8g2/debug/u8g2/u8g2_bitmap.o
 .mdebug.abi32  0xa00002bc        0x0 build/FrameworkWith_u8g2/debug/u8g2/u8g2_box.o
 .mdebug.abi32  0xa00002bc        0x0 build/FrameworkWith_u8g2/debug/u8g2/u8g2_buffer.o
 .mdebug.abi32  0xa00002bc        0x0 build/FrameworkWith_u8g2/debug/u8g2/u8g2_circle.o
 .mdebug.abi32  0xa00002bc        0x0 build/FrameworkWith_u8g2/debug/u8g2/u8g2_cleardisplay.o
 .mdebug.abi32  0xa00002bc        0x0 build/FrameworkWith_u8g2/debug/u8g2/u8g2_d_memory.o
 .mdebug.abi32  0xa00002bc        0x0 build/FrameworkWith_u8g2/debug/u8g2/u8g2_d_setup.o
 .mdebug.abi32  0xa00002bc        0x0 build/FrameworkWith_u8g2/debug/u8g2/u8g2_font.o
 .mdebug.abi32  0xa00002bc        0x0 build/FrameworkWith_u8g2/debug/u8g2/u8g2_fonts.o
 .mdebug.abi32  0xa00002bc        0x0 build/FrameworkWith_u8g2/debug/u8g2/u8g2_hvline.o
 .mdebug.abi32  0xa00002bc        0x0 build/FrameworkWith_u8g2/debug/u8g2/u8g2_input_value.o
 .mdebug.abi32  0xa00002bc        0x0 build/FrameworkWith_u8g2/debug/u8g2/u8g2_intersection.o
 .mdebug.abi32  0xa00002bc        0x0 build/FrameworkWith_u8g2/debug/u8g2/u8g2_kerning.o
 .mdebug.abi32  0xa00002bc        0x0 build/FrameworkWith_u8g2/debug/u8g2/u8g2_line.o
 .mdebug.abi32  0xa00002bc        0x0 build/FrameworkWith_u8g2/debug/u8g2/u8g2_ll_hvline.o
 .mdebug.abi32  0xa00002bc        0x0 build/FrameworkWith_u8g2/debug/u8g2/u8g2_message.o
 .mdebug.abi32  0xa00002bc        0x0 build/FrameworkWith_u8g2/debug/u8g2/u8g2_pic32mz.o
 .mdebug.abi32  0xa00002bc        0x0 build/FrameworkWith_u8g2/debug/u8g2/u8g2_polygon.o
 .mdebug.abi32  0xa00002bc        0x0 build/FrameworkWith_u8g2/debug/u8g2/u8g2_selection_list.o
 .mdebug.abi32  0xa00002bc        0x0 build/FrameworkWith_u8g2/debug/u8g2/u8g2_setup.o
 .mdebug.abi32  0xa00002bc        0x0 build/FrameworkWith_u8g2/debug/u8g2/u8log.o
 .mdebug.abi32  0xa00002bc        0x0 build/FrameworkWith_u8g2/debug/u8g2/u8log_u8g2.o
 .mdebug.abi32  0xa00002bc        0x0 build/FrameworkWith_u8g2/debug/u8g2/u8log_u8x8.o
 .mdebug.abi32  0xa00002bc        0x0 build/FrameworkWith_u8g2/debug/u8g2/u8x8_8x8.o
 .mdebug.abi32  0xa00002bc        0x0 build/FrameworkWith_u8g2/debug/u8g2/u8x8_byte.o
 .mdebug.abi32  0xa00002bc        0x0 build/FrameworkWith_u8g2/debug/u8g2/u8x8_cad.o
 .mdebug.abi32  0xa00002bc        0x0 build/FrameworkWith_u8g2/debug/u8g2/u8x8_d_ssd1306_128x64_noname.o
 .mdebug.abi32  0xa00002bc        0x0 build/FrameworkWith_u8g2/debug/u8g2/u8x8_debounce.o
 .mdebug.abi32  0xa00002bc        0x0 build/FrameworkWith_u8g2/debug/u8g2/u8x8_display.o
 .mdebug.abi32  0xa00002bc        0x0 build/FrameworkWith_u8g2/debug/u8g2/u8x8_fonts.o
 .mdebug.abi32  0xa00002bc        0x0 build/FrameworkWith_u8g2/debug/u8g2/u8x8_gpio.o
 .mdebug.abi32  0xa00002bc        0x0 build/FrameworkWith_u8g2/debug/u8g2/u8x8_input_value.o
 .mdebug.abi32  0xa00002bc        0x0 build/FrameworkWith_u8g2/debug/u8g2/u8x8_message.o
 .mdebug.abi32  0xa00002bc        0x0 build/FrameworkWith_u8g2/debug/u8g2/u8x8_selection_list.o
 .mdebug.abi32  0xa00002bc        0x0 build/FrameworkWith_u8g2/debug/u8g2/u8x8_setup.o
 .mdebug.abi32  0xa00002bc        0x0 build/FrameworkWith_u8g2/debug/u8g2/u8x8_string.o
 .mdebug.abi32  0xa00002bc        0x0 build/FrameworkWith_u8g2/debug/u8g2/u8x8_u16toa.o
 .mdebug.abi32  0xa00002bc        0x0 build/FrameworkWith_u8g2/debug/u8g2/u8x8_u8toa.o
 .mdebug.abi32  0xa00002bc        0x0 c:/program files/microchip/xc32/v2.41/bin/bin/../../lib/gcc/pic32mx/4.8.3\libgcc.a(floatunsisf.o)
 .mdebug.abi32  0xa00002bc        0x0 c:/program files/microchip/xc32/v2.41/bin/bin/../../lib/gcc/pic32mx/4.8.3/../../../../pic32mx/lib\libpic32.a(default-bootstrap-exception-handler.o)
 .mdebug.abi32  0xa00002bc        0x0 c:/program files/microchip/xc32/v2.41/bin/bin/../../lib/gcc/pic32mx/4.8.3/../../../../pic32mx/lib\libpic32.a(default-on-reset.o)
 .mdebug.abi32  0xa00002bc        0x0 c:/program files/microchip/xc32/v2.41/bin/bin/../../lib/gcc/pic32mx/4.8.3/../../../../pic32mx/lib\libpic32.a(default-on-bootstrap.o)
 .mdebug.abi32  0xa00002bc        0x0 c:/program files/microchip/xc32/v2.41/bin/bin/../../lib/gcc/pic32mx/4.8.3/../../../../pic32mx/lib\libpic32.a(xc32_uart.o)
 .mdebug.abi32  0xa00002bc        0x0 c:/program files/microchip/xc32/v2.41/bin/bin/../../lib/gcc/pic32mx/4.8.3/../../../../pic32mx/lib\libpic32.a(default-general-exception-handler.o)
 .mdebug.abi32  0xa00002bc        0x0 c:/program files/microchip/xc32/v2.41/bin/bin/../../lib/gcc/pic32mx/4.8.3/../../../../pic32mx/lib\libpic32.a(defaultinterrupt.o)
 .mdebug.abi32  0xa00002bc        0x0 c:/program files/microchip/xc32/v2.41/bin/bin/../../lib/gcc/pic32mx/4.8.3/../../../../pic32mx/lib\liblega-c.a(fputs.o)
 .mdebug.abi32  0xa00002bc        0x0 c:/program files/microchip/xc32/v2.41/bin/bin/../../lib/gcc/pic32mx/4.8.3/../../../../pic32mx/lib\liblega-c.a(printf_cdnopuxX.eo)
 .mdebug.abi32  0xa00002bc        0x0 c:/program files/microchip/xc32/v2.41/bin/bin/../../lib/gcc/pic32mx/4.8.3/../../../../pic32mx/lib\liblega-c.a(strlen.o)
 .mdebug.abi32  0xa00002bc        0x0 c:/program files/microchip/xc32/v2.41/bin/bin/../../lib/gcc/pic32mx/4.8.3/../../../../pic32mx/lib\liblega-c.a(_doprnt_cdnopuxX.eo)
 .mdebug.abi32  0xa00002bc        0x0 c:/program files/microchip/xc32/v2.41/bin/bin/../../lib/gcc/pic32mx/4.8.3/../../../../pic32mx/lib\liblega-c.a(_iobdata.o)
 .mdebug.abi32  0xa00002bc        0x0 c:/program files/microchip/xc32/v2.41/bin/bin/../../lib/gcc/pic32mx/4.8.3/../../../../pic32mx/lib\liblega-c.a(_iobfuncs.o)
 .mdebug.abi32  0xa00002bc        0x0 c:/program files/microchip/xc32/v2.41/bin/bin/../../lib/gcc/pic32mx/4.8.3/../../../../pic32mx/lib\liblega-c.a(fputc.o)
 .mdebug.abi32  0xa00002bc        0x0 c:/program files/microchip/xc32/v2.41/bin/bin/../../lib/gcc/pic32mx/4.8.3/../../../../pic32mx/lib\liblega-c.a(errno.o)
 .mdebug.abi32  0xa00002bc        0x0 c:/program files/microchip/xc32/v2.41/bin/bin/../../lib/gcc/pic32mx/4.8.3\libgcc.a(_udivdi3.o)
 .mdebug.abi32  0xa00002bc        0x0 c:/program files/microchip/xc32/v2.41/bin/bin/../../lib/gcc/pic32mx/4.8.3\libgcc.a(_umoddi3.o)
 .mdebug.abi32  0xa00002bc        0x0 c:/program files/microchip/xc32/v2.41/bin/bin/../../lib/gcc/pic32mx/4.8.3/../../../../pic32mx/lib\libpic32.a(_mon_getc.o)
 .mdebug.abi32  0xa00002bc        0x0 c:/program files/microchip/xc32/v2.41/bin/bin/../../lib/gcc/pic32mx/4.8.3/../../../../pic32mx/lib\libpic32.a(_mon_write.o)
 .mdebug.abi32  0xa00002bc        0x0 c:/program files/microchip/xc32/v2.41/bin/bin/../../lib/gcc/pic32mx/4.8.3/../../../../pic32mx/lib\libpic32.a(_mon_putc.o)

.mdebug.abiN32
 *(.mdebug.abiN32)

.mdebug.abi64
 *(.mdebug.abi64)

.mdebug.abiO64
 *(.mdebug.abiO64)

.mdebug.eabi32
 *(.mdebug.eabi32)

.mdebug.eabi64
 *(.mdebug.eabi64)

.gcc_compiled_long32
 *(.gcc_compiled_long32)

.gcc_compiled_long64
 *(.gcc_compiled_long64)

.stab
 *(.stab)

.stabstr
 *(.stabstr)

.stab.excl
 *(.stab.excl)

.stab.exclstr
 *(.stab.exclstr)

.stab.index
 *(.stab.index)

.stab.indexstr
 *(.stab.indexstr)

.comment        0x00000000      0x2c3
 *(.comment)
 .comment       0x00000000       0x3c c:/program files/microchip/xc32/v2.41/bin/bin/../../lib/gcc/pic32mx/4.8.3/../../../../pic32mx/lib\software-debug-break.o
                                 0x3d (size before relaxing)
 .comment       0x00000000       0x3d build/FrameworkWith_u8g2/debug/FrameworkSource/ES_Port.o
 .comment       0x00000000       0x3d build/FrameworkWith_u8g2/debug/FrameworkSource/ES_Timers.o
 .comment       0x00000000       0x3d build/FrameworkWith_u8g2/debug/FrameworkSource/ES_LookupTables.o
 .comment       0x00000000       0x3d build/FrameworkWith_u8g2/debug/FrameworkSource/ES_CheckEvents.o
 .comment       0x00000000       0x3d build/FrameworkWith_u8g2/debug/FrameworkSource/ES_DeferRecall.o
 .comment       0x00000000       0x3d build/FrameworkWith_u8g2/debug/FrameworkSource/ES_Framework.o
 .comment       0x00000000       0x3d build/FrameworkWith_u8g2/debug/FrameworkSource/ES_Queue.o
 .comment       0x00000000       0x3d build/FrameworkWith_u8g2/debug/FrameworkSource/ES_PostList.o
 .comment       0x00000000       0x3d build/FrameworkWith_u8g2/debug/FrameworkSource/terminal.o
 .comment       0x00000000       0x3d build/FrameworkWith_u8g2/debug/ProjectSource/main.o
 .comment       0x00000000       0x3d build/FrameworkWith_u8g2/debug/ProjectSource/EventCheckers.o
 .comment       0x00000000       0x3d build/FrameworkWith_u8g2/debug/ProjectSource/dbprintf.o
 .comment       0x00000000       0x3d build/FrameworkWith_u8g2/debug/ProjectSource/Locomotion.o
 .comment       0x00000000       0x3d build/FrameworkWith_u8g2/debug/ProjectSource/LocomotionTestHarness.o
 .comment       0x00000000       0x3d build/FrameworkWith_u8g2/debug/u8g2/spi_master.o
 .comment       0x00000000       0x3d build/FrameworkWith_u8g2/debug/u8g2/u8g2_bitmap.o
 .comment       0x00000000       0x3d build/FrameworkWith_u8g2/debug/u8g2/u8g2_box.o
 .comment       0x00000000       0x3d build/FrameworkWith_u8g2/debug/u8g2/u8g2_buffer.o
 .comment       0x00000000       0x3d build/FrameworkWith_u8g2/debug/u8g2/u8g2_circle.o
 .comment       0x00000000       0x3d build/FrameworkWith_u8g2/debug/u8g2/u8g2_cleardisplay.o
 .comment       0x00000000       0x3d build/FrameworkWith_u8g2/debug/u8g2/u8g2_d_memory.o
 .comment       0x00000000       0x3d build/FrameworkWith_u8g2/debug/u8g2/u8g2_d_setup.o
 .comment       0x00000000       0x3d build/FrameworkWith_u8g2/debug/u8g2/u8g2_font.o
 .comment       0x00000000       0x3d build/FrameworkWith_u8g2/debug/u8g2/u8g2_fonts.o
 .comment       0x00000000       0x3d build/FrameworkWith_u8g2/debug/u8g2/u8g2_hvline.o
 .comment       0x00000000       0x3d build/FrameworkWith_u8g2/debug/u8g2/u8g2_input_value.o
 .comment       0x00000000       0x3d build/FrameworkWith_u8g2/debug/u8g2/u8g2_intersection.o
 .comment       0x00000000       0x3d build/FrameworkWith_u8g2/debug/u8g2/u8g2_kerning.o
 .comment       0x00000000       0x3d build/FrameworkWith_u8g2/debug/u8g2/u8g2_line.o
 .comment       0x00000000       0x3d build/FrameworkWith_u8g2/debug/u8g2/u8g2_ll_hvline.o
 .comment       0x00000000       0x3d build/FrameworkWith_u8g2/debug/u8g2/u8g2_message.o
 .comment       0x00000000       0x3d build/FrameworkWith_u8g2/debug/u8g2/u8g2_pic32mz.o
 .comment       0x00000000       0x3d build/FrameworkWith_u8g2/debug/u8g2/u8g2_polygon.o
 .comment       0x00000000       0x3d build/FrameworkWith_u8g2/debug/u8g2/u8g2_selection_list.o
 .comment       0x00000000       0x3d build/FrameworkWith_u8g2/debug/u8g2/u8g2_setup.o
 .comment       0x00000000       0x3d build/FrameworkWith_u8g2/debug/u8g2/u8log.o
 .comment       0x00000000       0x3d build/FrameworkWith_u8g2/debug/u8g2/u8log_u8g2.o
 .comment       0x00000000       0x3d build/FrameworkWith_u8g2/debug/u8g2/u8log_u8x8.o
 .comment       0x00000000       0x3d build/FrameworkWith_u8g2/debug/u8g2/u8x8_8x8.o
 .comment       0x00000000       0x3d build/FrameworkWith_u8g2/debug/u8g2/u8x8_byte.o
 .comment       0x00000000       0x3d build/FrameworkWith_u8g2/debug/u8g2/u8x8_cad.o
 .comment       0x00000000       0x3d build/FrameworkWith_u8g2/debug/u8g2/u8x8_d_ssd1306_128x64_noname.o
 .comment       0x00000000       0x3d build/FrameworkWith_u8g2/debug/u8g2/u8x8_debounce.o
 .comment       0x00000000       0x3d build/FrameworkWith_u8g2/debug/u8g2/u8x8_display.o
 .comment       0x00000000       0x3d build/FrameworkWith_u8g2/debug/u8g2/u8x8_fonts.o
 .comment       0x00000000       0x3d build/FrameworkWith_u8g2/debug/u8g2/u8x8_gpio.o
 .comment       0x00000000       0x3d build/FrameworkWith_u8g2/debug/u8g2/u8x8_input_value.o
 .comment       0x00000000       0x3d build/FrameworkWith_u8g2/debug/u8g2/u8x8_message.o
 .comment       0x00000000       0x3d build/FrameworkWith_u8g2/debug/u8g2/u8x8_selection_list.o
 .comment       0x00000000       0x3d build/FrameworkWith_u8g2/debug/u8g2/u8x8_setup.o
 .comment       0x00000000       0x3d build/FrameworkWith_u8g2/debug/u8g2/u8x8_string.o
 .comment       0x00000000       0x3d build/FrameworkWith_u8g2/debug/u8g2/u8x8_u16toa.o
 .comment       0x00000000       0x3d build/FrameworkWith_u8g2/debug/u8g2/u8x8_u8toa.o
 .comment       0x00000000       0x3d c:/program files/microchip/xc32/v2.41/bin/bin/../../lib/gcc/pic32mx/4.8.3\libgcc.a(floatunsisf.o)
 .comment       0x00000000       0x3d c:/program files/microchip/xc32/v2.41/bin/bin/../../lib/gcc/pic32mx/4.8.3/../../../../pic32mx/lib\libpic32.a(default-bootstrap-exception-handler.o)
 .comment       0x00000000       0x3d c:/program files/microchip/xc32/v2.41/bin/bin/../../lib/gcc/pic32mx/4.8.3/../../../../pic32mx/lib\libpic32.a(default-on-reset.o)
 .comment       0x00000000       0x3d c:/program files/microchip/xc32/v2.41/bin/bin/../../lib/gcc/pic32mx/4.8.3/../../../../pic32mx/lib\libpic32.a(default-on-bootstrap.o)
 .comment       0x00000000       0x3d c:/program files/microchip/xc32/v2.41/bin/bin/../../lib/gcc/pic32mx/4.8.3/../../../../pic32mx/lib\libpic32.a(xc32_uart.o)
 .comment       0x00000000       0x3d c:/program files/microchip/xc32/v2.41/bin/bin/../../lib/gcc/pic32mx/4.8.3/../../../../pic32mx/lib\libpic32.a(default-general-exception-handler.o)
 .comment       0x00000000       0x3d c:/program files/microchip/xc32/v2.41/bin/bin/../../lib/gcc/pic32mx/4.8.3/../../../../pic32mx/lib\libpic32.a(defaultinterrupt.o)
 .comment       0x0000003c       0x50 c:/program files/microchip/xc32/v2.41/bin/bin/../../lib/gcc/pic32mx/4.8.3/../../../../pic32mx/lib\liblega-c.a(fputs.o)
                                 0x8d (size before relaxing)
 .comment       0x0000008c       0x51 c:/program files/microchip/xc32/v2.41/bin/bin/../../lib/gcc/pic32mx/4.8.3/../../../../pic32mx/lib\liblega-c.a(printf_cdnopuxX.eo)
                                 0x8e (size before relaxing)
 .comment       0x000000dd       0x4f c:/program files/microchip/xc32/v2.41/bin/bin/../../lib/gcc/pic32mx/4.8.3/../../../../pic32mx/lib\liblega-c.a(strlen.o)
                                 0x8c (size before relaxing)
 .comment       0x0000012c       0x52 c:/program files/microchip/xc32/v2.41/bin/bin/../../lib/gcc/pic32mx/4.8.3/../../../../pic32mx/lib\liblega-c.a(_doprnt_cdnopuxX.eo)
                                 0x8f (size before relaxing)
 .comment       0x0000017e       0x53 c:/program files/microchip/xc32/v2.41/bin/bin/../../lib/gcc/pic32mx/4.8.3/../../../../pic32mx/lib\liblega-c.a(_iobdata.o)
                                 0x90 (size before relaxing)
 .comment       0x000001d1       0x54 c:/program files/microchip/xc32/v2.41/bin/bin/../../lib/gcc/pic32mx/4.8.3/../../../../pic32mx/lib\liblega-c.a(_iobfuncs.o)
                                 0x91 (size before relaxing)
 .comment       0x00000225       0x50 c:/program files/microchip/xc32/v2.41/bin/bin/../../lib/gcc/pic32mx/4.8.3/../../../../pic32mx/lib\liblega-c.a(fputc.o)
                                 0x8d (size before relaxing)
 .comment       0x00000275       0x4e c:/program files/microchip/xc32/v2.41/bin/bin/../../lib/gcc/pic32mx/4.8.3/../../../../pic32mx/lib\liblega-c.a(errno.o)
                                 0x8b (size before relaxing)
 .comment       0x00000000       0x3d c:/program files/microchip/xc32/v2.41/bin/bin/../../lib/gcc/pic32mx/4.8.3\libgcc.a(_udivdi3.o)
 .comment       0x00000000       0x3d c:/program files/microchip/xc32/v2.41/bin/bin/../../lib/gcc/pic32mx/4.8.3\libgcc.a(_umoddi3.o)
 .comment       0x00000000       0x3d c:/program files/microchip/xc32/v2.41/bin/bin/../../lib/gcc/pic32mx/4.8.3/../../../../pic32mx/lib\libpic32.a(_mon_getc.o)
 .comment       0x00000000       0x3d c:/program files/microchip/xc32/v2.41/bin/bin/../../lib/gcc/pic32mx/4.8.3/../../../../pic32mx/lib\libpic32.a(_mon_write.o)
 .comment       0x00000000       0x3d c:/program files/microchip/xc32/v2.41/bin/bin/../../lib/gcc/pic32mx/4.8.3/../../../../pic32mx/lib\libpic32.a(_mon_putc.o)

.debug
 *(.debug)

.line
 *(.line)

.debug_srcinfo
 *(.debug_srcinfo)

.debug_sfnames
 *(.debug_sfnames)

.debug_aranges  0x00000000      0x848
 *(.debug_aranges)
 .debug_aranges
                0x00000000       0x20 c:/program files/microchip/xc32/v2.41/bin/bin/../../lib/gcc/pic32mx/4.8.3/../../../../pic32mx/lib\software-debug-break.o
 .debug_aranges
                0x00000020       0x20 build/FrameworkWith_u8g2/debug/FrameworkSource/ES_Port.o
 .debug_aranges
                0x00000040       0x20 build/FrameworkWith_u8g2/debug/FrameworkSource/ES_Timers.o
 .debug_aranges
                0x00000060       0x20 build/FrameworkWith_u8g2/debug/FrameworkSource/ES_LookupTables.o
 .debug_aranges
                0x00000080       0x20 build/FrameworkWith_u8g2/debug/FrameworkSource/ES_CheckEvents.o
 .debug_aranges
                0x000000a0       0x20 build/FrameworkWith_u8g2/debug/FrameworkSource/ES_DeferRecall.o
 .debug_aranges
                0x000000c0       0x20 build/FrameworkWith_u8g2/debug/FrameworkSource/ES_Framework.o
 .debug_aranges
                0x000000e0       0x20 build/FrameworkWith_u8g2/debug/FrameworkSource/ES_Queue.o
 .debug_aranges
                0x00000100       0x18 build/FrameworkWith_u8g2/debug/FrameworkSource/ES_PostList.o
 .debug_aranges
                0x00000118       0x20 build/FrameworkWith_u8g2/debug/FrameworkSource/terminal.o
 .debug_aranges
                0x00000138       0x20 build/FrameworkWith_u8g2/debug/ProjectSource/main.o
 .debug_aranges
                0x00000158       0x20 build/FrameworkWith_u8g2/debug/ProjectSource/EventCheckers.o
 .debug_aranges
                0x00000178       0x20 build/FrameworkWith_u8g2/debug/ProjectSource/dbprintf.o
 .debug_aranges
                0x00000198       0x20 build/FrameworkWith_u8g2/debug/ProjectSource/Locomotion.o
 .debug_aranges
                0x000001b8       0x20 build/FrameworkWith_u8g2/debug/ProjectSource/LocomotionTestHarness.o
 .debug_aranges
                0x000001d8       0x20 build/FrameworkWith_u8g2/debug/u8g2/spi_master.o
 .debug_aranges
                0x000001f8       0x20 build/FrameworkWith_u8g2/debug/u8g2/u8g2_bitmap.o
 .debug_aranges
                0x00000218       0x20 build/FrameworkWith_u8g2/debug/u8g2/u8g2_box.o
 .debug_aranges
                0x00000238       0x20 build/FrameworkWith_u8g2/debug/u8g2/u8g2_buffer.o
 .debug_aranges
                0x00000258       0x20 build/FrameworkWith_u8g2/debug/u8g2/u8g2_circle.o
 .debug_aranges
                0x00000278       0x20 build/FrameworkWith_u8g2/debug/u8g2/u8g2_cleardisplay.o
 .debug_aranges
                0x00000298       0x20 build/FrameworkWith_u8g2/debug/u8g2/u8g2_d_memory.o
 .debug_aranges
                0x000002b8       0x20 build/FrameworkWith_u8g2/debug/u8g2/u8g2_d_setup.o
 .debug_aranges
                0x000002d8       0x20 build/FrameworkWith_u8g2/debug/u8g2/u8g2_font.o
 .debug_aranges
                0x000002f8       0x18 build/FrameworkWith_u8g2/debug/u8g2/u8g2_fonts.o
 .debug_aranges
                0x00000310       0x20 build/FrameworkWith_u8g2/debug/u8g2/u8g2_hvline.o
 .debug_aranges
                0x00000330       0x20 build/FrameworkWith_u8g2/debug/u8g2/u8g2_input_value.o
 .debug_aranges
                0x00000350       0x20 build/FrameworkWith_u8g2/debug/u8g2/u8g2_intersection.o
 .debug_aranges
                0x00000370       0x20 build/FrameworkWith_u8g2/debug/u8g2/u8g2_kerning.o
 .debug_aranges
                0x00000390       0x20 build/FrameworkWith_u8g2/debug/u8g2/u8g2_line.o
 .debug_aranges
                0x000003b0       0x20 build/FrameworkWith_u8g2/debug/u8g2/u8g2_ll_hvline.o
 .debug_aranges
                0x000003d0       0x20 build/FrameworkWith_u8g2/debug/u8g2/u8g2_message.o
 .debug_aranges
                0x000003f0       0x20 build/FrameworkWith_u8g2/debug/u8g2/u8g2_pic32mz.o
 .debug_aranges
                0x00000410       0x20 build/FrameworkWith_u8g2/debug/u8g2/u8g2_polygon.o
 .debug_aranges
                0x00000430       0x20 build/FrameworkWith_u8g2/debug/u8g2/u8g2_selection_list.o
 .debug_aranges
                0x00000450       0x20 build/FrameworkWith_u8g2/debug/u8g2/u8g2_setup.o
 .debug_aranges
                0x00000470       0x20 build/FrameworkWith_u8g2/debug/u8g2/u8log.o
 .debug_aranges
                0x00000490       0x20 build/FrameworkWith_u8g2/debug/u8g2/u8log_u8g2.o
 .debug_aranges
                0x000004b0       0x20 build/FrameworkWith_u8g2/debug/u8g2/u8log_u8x8.o
 .debug_aranges
                0x000004d0       0x20 build/FrameworkWith_u8g2/debug/u8g2/u8x8_8x8.o
 .debug_aranges
                0x000004f0       0x20 build/FrameworkWith_u8g2/debug/u8g2/u8x8_byte.o
 .debug_aranges
                0x00000510       0x20 build/FrameworkWith_u8g2/debug/u8g2/u8x8_cad.o
 .debug_aranges
                0x00000530       0x20 build/FrameworkWith_u8g2/debug/u8g2/u8x8_d_ssd1306_128x64_noname.o
 .debug_aranges
                0x00000550       0x20 build/FrameworkWith_u8g2/debug/u8g2/u8x8_debounce.o
 .debug_aranges
                0x00000570       0x20 build/FrameworkWith_u8g2/debug/u8g2/u8x8_display.o
 .debug_aranges
                0x00000590       0x18 build/FrameworkWith_u8g2/debug/u8g2/u8x8_fonts.o
 .debug_aranges
                0x000005a8       0x20 build/FrameworkWith_u8g2/debug/u8g2/u8x8_gpio.o
 .debug_aranges
                0x000005c8       0x20 build/FrameworkWith_u8g2/debug/u8g2/u8x8_input_value.o
 .debug_aranges
                0x000005e8       0x20 build/FrameworkWith_u8g2/debug/u8g2/u8x8_message.o
 .debug_aranges
                0x00000608       0x20 build/FrameworkWith_u8g2/debug/u8g2/u8x8_selection_list.o
 .debug_aranges
                0x00000628       0x20 build/FrameworkWith_u8g2/debug/u8g2/u8x8_setup.o
 .debug_aranges
                0x00000648       0x20 build/FrameworkWith_u8g2/debug/u8g2/u8x8_string.o
 .debug_aranges
                0x00000668       0x20 build/FrameworkWith_u8g2/debug/u8g2/u8x8_u16toa.o
 .debug_aranges
                0x00000688       0x20 build/FrameworkWith_u8g2/debug/u8g2/u8x8_u8toa.o
 .debug_aranges
                0x000006a8       0x40 C:\Users\ashle\AppData\Local\Temp\ccMCBG3g.o
 .debug_aranges
                0x000006e8       0x20 c:/program files/microchip/xc32/v2.41/bin/bin/../../lib/gcc/pic32mx/4.8.3\libgcc.a(floatunsisf.o)
 .debug_aranges
                0x00000708       0x20 c:/program files/microchip/xc32/v2.41/bin/bin/../../lib/gcc/pic32mx/4.8.3/../../../../pic32mx/lib\libpic32.a(default-bootstrap-exception-handler.o)
 .debug_aranges
                0x00000728       0x20 c:/program files/microchip/xc32/v2.41/bin/bin/../../lib/gcc/pic32mx/4.8.3/../../../../pic32mx/lib\libpic32.a(default-on-reset.o)
 .debug_aranges
                0x00000748       0x20 c:/program files/microchip/xc32/v2.41/bin/bin/../../lib/gcc/pic32mx/4.8.3/../../../../pic32mx/lib\libpic32.a(default-on-bootstrap.o)
 .debug_aranges
                0x00000768       0x20 c:/program files/microchip/xc32/v2.41/bin/bin/../../lib/gcc/pic32mx/4.8.3/../../../../pic32mx/lib\libpic32.a(default-general-exception-handler.o)
 .debug_aranges
                0x00000788       0x20 c:/program files/microchip/xc32/v2.41/bin/bin/../../lib/gcc/pic32mx/4.8.3/../../../../pic32mx/lib\libpic32.a(defaultinterrupt.o)
 .debug_aranges
                0x000007a8       0x20 c:/program files/microchip/xc32/v2.41/bin/bin/../../lib/gcc/pic32mx/4.8.3\libgcc.a(_udivdi3.o)
 .debug_aranges
                0x000007c8       0x20 c:/program files/microchip/xc32/v2.41/bin/bin/../../lib/gcc/pic32mx/4.8.3\libgcc.a(_umoddi3.o)
 .debug_aranges
                0x000007e8       0x20 c:/program files/microchip/xc32/v2.41/bin/bin/../../lib/gcc/pic32mx/4.8.3/../../../../pic32mx/lib\libpic32.a(_mon_getc.o)
 .debug_aranges
                0x00000808       0x20 c:/program files/microchip/xc32/v2.41/bin/bin/../../lib/gcc/pic32mx/4.8.3/../../../../pic32mx/lib\libpic32.a(_mon_write.o)
 .debug_aranges
                0x00000828       0x20 c:/program files/microchip/xc32/v2.41/bin/bin/../../lib/gcc/pic32mx/4.8.3/../../../../pic32mx/lib\libpic32.a(_mon_putc.o)

.debug_pubnames
 *(.debug_pubnames)

.debug_info     0x00000000    0x2e444
 *(.debug_info .gnu.linkonce.wi.*)
 .debug_info    0x00000000       0xe3 c:/program files/microchip/xc32/v2.41/bin/bin/../../lib/gcc/pic32mx/4.8.3/../../../../pic32mx/lib\software-debug-break.o
 .debug_info    0x000000e3      0xc2f build/FrameworkWith_u8g2/debug/FrameworkSource/ES_Port.o
 .debug_info    0x00000d12      0x711 build/FrameworkWith_u8g2/debug/FrameworkSource/ES_Timers.o
 .debug_info    0x00001423      0x26f build/FrameworkWith_u8g2/debug/FrameworkSource/ES_LookupTables.o
 .debug_info    0x00001692      0x1d6 build/FrameworkWith_u8g2/debug/FrameworkSource/ES_CheckEvents.o
 .debug_info    0x00001868      0x3b1 build/FrameworkWith_u8g2/debug/FrameworkSource/ES_DeferRecall.o
 .debug_info    0x00001c19      0x932 build/FrameworkWith_u8g2/debug/FrameworkSource/ES_Framework.o
 .debug_info    0x0000254b      0x4c7 build/FrameworkWith_u8g2/debug/FrameworkSource/ES_Queue.o
 .debug_info    0x00002a12      0x157 build/FrameworkWith_u8g2/debug/FrameworkSource/ES_PostList.o
 .debug_info    0x00002b69      0xa59 build/FrameworkWith_u8g2/debug/FrameworkSource/terminal.o
 .debug_info    0x000035c2      0x41a build/FrameworkWith_u8g2/debug/ProjectSource/main.o
 .debug_info    0x000039dc      0x586 build/FrameworkWith_u8g2/debug/ProjectSource/EventCheckers.o
 .debug_info    0x00003f62      0x38a build/FrameworkWith_u8g2/debug/ProjectSource/dbprintf.o
 .debug_info    0x000042ec     0x28d5 build/FrameworkWith_u8g2/debug/ProjectSource/Locomotion.o
 .debug_info    0x00006bc1      0x51e build/FrameworkWith_u8g2/debug/ProjectSource/LocomotionTestHarness.o
 .debug_info    0x000070df      0x8d2 build/FrameworkWith_u8g2/debug/u8g2/spi_master.o
 .debug_info    0x000079b1     0x14bb build/FrameworkWith_u8g2/debug/u8g2/u8g2_bitmap.o
 .debug_info    0x00008e6c     0x1631 build/FrameworkWith_u8g2/debug/u8g2/u8g2_box.o
 .debug_info    0x0000a49d     0x134c build/FrameworkWith_u8g2/debug/u8g2/u8g2_buffer.o
 .debug_info    0x0000b7e9     0x1ba6 build/FrameworkWith_u8g2/debug/u8g2/u8g2_circle.o
 .debug_info    0x0000d38f      0xf0d build/FrameworkWith_u8g2/debug/u8g2/u8g2_cleardisplay.o
 .debug_info    0x0000e29c      0x207 build/FrameworkWith_u8g2/debug/u8g2/u8g2_d_memory.o
 .debug_info    0x0000e4a3     0x1082 build/FrameworkWith_u8g2/debug/u8g2/u8g2_d_setup.o
 .debug_info    0x0000f525     0x2e0b build/FrameworkWith_u8g2/debug/u8g2/u8g2_font.o
 .debug_info    0x00012330      0x182 build/FrameworkWith_u8g2/debug/u8g2/u8g2_fonts.o
 .debug_info    0x000124b2     0x11d0 build/FrameworkWith_u8g2/debug/u8g2/u8g2_hvline.o
 .debug_info    0x00013682     0x12cb build/FrameworkWith_u8g2/debug/u8g2/u8g2_input_value.o
 .debug_info    0x0001494d      0xf3f build/FrameworkWith_u8g2/debug/u8g2/u8g2_intersection.o
 .debug_info    0x0001588c     0x101c build/FrameworkWith_u8g2/debug/u8g2/u8g2_kerning.o
 .debug_info    0x000168a8      0xf7f build/FrameworkWith_u8g2/debug/u8g2/u8g2_line.o
 .debug_info    0x00017827      0xfcd build/FrameworkWith_u8g2/debug/u8g2/u8g2_ll_hvline.o
 .debug_info    0x000187f4     0x1412 build/FrameworkWith_u8g2/debug/u8g2/u8g2_message.o
 .debug_info    0x00019c06      0x9ba build/FrameworkWith_u8g2/debug/u8g2/u8g2_pic32mz.o
 .debug_info    0x0001a5c0     0x18b0 build/FrameworkWith_u8g2/debug/u8g2/u8g2_polygon.o
 .debug_info    0x0001be70     0x181a build/FrameworkWith_u8g2/debug/u8g2/u8g2_selection_list.o
 .debug_info    0x0001d68a     0x1912 build/FrameworkWith_u8g2/debug/u8g2/u8g2_setup.o
 .debug_info    0x0001ef9c      0xa58 build/FrameworkWith_u8g2/debug/u8g2/u8log.o
 .debug_info    0x0001f9f4     0x11d5 build/FrameworkWith_u8g2/debug/u8g2/u8log_u8g2.o
 .debug_info    0x00020bc9      0xa0b build/FrameworkWith_u8g2/debug/u8g2/u8log_u8x8.o
 .debug_info    0x000215d4     0x154a build/FrameworkWith_u8g2/debug/u8g2/u8x8_8x8.o
 .debug_info    0x00022b1e     0x1c46 build/FrameworkWith_u8g2/debug/u8g2/u8x8_byte.o
 .debug_info    0x00024764     0x1ce2 build/FrameworkWith_u8g2/debug/u8g2/u8x8_cad.o
 .debug_info    0x00026446     0x1286 build/FrameworkWith_u8g2/debug/u8g2/u8x8_d_ssd1306_128x64_noname.o
 .debug_info    0x000276cc      0x7c4 build/FrameworkWith_u8g2/debug/u8g2/u8x8_debounce.o
 .debug_info    0x00027e90      0xcfc build/FrameworkWith_u8g2/debug/u8g2/u8x8_display.o
 .debug_info    0x00028b8c      0x12e build/FrameworkWith_u8g2/debug/u8g2/u8x8_fonts.o
 .debug_info    0x00028cba      0x6ba build/FrameworkWith_u8g2/debug/u8g2/u8x8_gpio.o
 .debug_info    0x00029374      0xa71 build/FrameworkWith_u8g2/debug/u8g2/u8x8_input_value.o
 .debug_info    0x00029de5      0xb80 build/FrameworkWith_u8g2/debug/u8g2/u8x8_message.o
 .debug_info    0x0002a965      0xb97 build/FrameworkWith_u8g2/debug/u8g2/u8x8_selection_list.o
 .debug_info    0x0002b4fc      0x8b1 build/FrameworkWith_u8g2/debug/u8g2/u8x8_setup.o
 .debug_info    0x0002bdad      0xa22 build/FrameworkWith_u8g2/debug/u8g2/u8x8_string.o
 .debug_info    0x0002c7cf      0x268 build/FrameworkWith_u8g2/debug/u8g2/u8x8_u16toa.o
 .debug_info    0x0002ca37      0x284 build/FrameworkWith_u8g2/debug/u8g2/u8x8_u8toa.o
 .debug_info    0x0002ccbb       0xc9 C:\Users\ashle\AppData\Local\Temp\ccMCBG3g.o
 .debug_info    0x0002cd84      0x129 c:/program files/microchip/xc32/v2.41/bin/bin/../../lib/gcc/pic32mx/4.8.3\libgcc.a(floatunsisf.o)
 .debug_info    0x0002cead       0xf4 c:/program files/microchip/xc32/v2.41/bin/bin/../../lib/gcc/pic32mx/4.8.3/../../../../pic32mx/lib\libpic32.a(default-bootstrap-exception-handler.o)
 .debug_info    0x0002cfa1       0xcd c:/program files/microchip/xc32/v2.41/bin/bin/../../lib/gcc/pic32mx/4.8.3/../../../../pic32mx/lib\libpic32.a(default-on-reset.o)
 .debug_info    0x0002d06e       0xd5 c:/program files/microchip/xc32/v2.41/bin/bin/../../lib/gcc/pic32mx/4.8.3/../../../../pic32mx/lib\libpic32.a(default-on-bootstrap.o)
 .debug_info    0x0002d143       0xf0 c:/program files/microchip/xc32/v2.41/bin/bin/../../lib/gcc/pic32mx/4.8.3/../../../../pic32mx/lib\libpic32.a(default-general-exception-handler.o)
 .debug_info    0x0002d233       0xe7 c:/program files/microchip/xc32/v2.41/bin/bin/../../lib/gcc/pic32mx/4.8.3/../../../../pic32mx/lib\libpic32.a(defaultinterrupt.o)
 .debug_info    0x0002d31a      0x74b c:/program files/microchip/xc32/v2.41/bin/bin/../../lib/gcc/pic32mx/4.8.3\libgcc.a(_udivdi3.o)
 .debug_info    0x0002da65      0x788 c:/program files/microchip/xc32/v2.41/bin/bin/../../lib/gcc/pic32mx/4.8.3\libgcc.a(_umoddi3.o)
 .debug_info    0x0002e1ed       0xc7 c:/program files/microchip/xc32/v2.41/bin/bin/../../lib/gcc/pic32mx/4.8.3/../../../../pic32mx/lib\libpic32.a(_mon_getc.o)
 .debug_info    0x0002e2b4       0xc9 c:/program files/microchip/xc32/v2.41/bin/bin/../../lib/gcc/pic32mx/4.8.3/../../../../pic32mx/lib\libpic32.a(_mon_write.o)
 .debug_info    0x0002e37d       0xc7 c:/program files/microchip/xc32/v2.41/bin/bin/../../lib/gcc/pic32mx/4.8.3/../../../../pic32mx/lib\libpic32.a(_mon_putc.o)

.debug_abbrev   0x00000000     0x4caf
 *(.debug_abbrev)
 .debug_abbrev  0x00000000       0x28 c:/program files/microchip/xc32/v2.41/bin/bin/../../lib/gcc/pic32mx/4.8.3/../../../../pic32mx/lib\software-debug-break.o
 .debug_abbrev  0x00000028      0x174 build/FrameworkWith_u8g2/debug/FrameworkSource/ES_Port.o
 .debug_abbrev  0x0000019c      0x1ba build/FrameworkWith_u8g2/debug/FrameworkSource/ES_Timers.o
 .debug_abbrev  0x00000356       0x90 build/FrameworkWith_u8g2/debug/FrameworkSource/ES_LookupTables.o
 .debug_abbrev  0x000003e6       0x9a build/FrameworkWith_u8g2/debug/FrameworkSource/ES_CheckEvents.o
 .debug_abbrev  0x00000480      0x112 build/FrameworkWith_u8g2/debug/FrameworkSource/ES_DeferRecall.o
 .debug_abbrev  0x00000592      0x1e2 build/FrameworkWith_u8g2/debug/FrameworkSource/ES_Framework.o
 .debug_abbrev  0x00000774      0x113 build/FrameworkWith_u8g2/debug/FrameworkSource/ES_Queue.o
 .debug_abbrev  0x00000887       0x1b build/FrameworkWith_u8g2/debug/FrameworkSource/ES_PostList.o
 .debug_abbrev  0x000008a2       0xf6 build/FrameworkWith_u8g2/debug/FrameworkSource/terminal.o
 .debug_abbrev  0x00000998      0x102 build/FrameworkWith_u8g2/debug/ProjectSource/main.o
 .debug_abbrev  0x00000a9a      0x12a build/FrameworkWith_u8g2/debug/ProjectSource/EventCheckers.o
 .debug_abbrev  0x00000bc4      0x12f build/FrameworkWith_u8g2/debug/ProjectSource/dbprintf.o
 .debug_abbrev  0x00000cf3      0x2d4 build/FrameworkWith_u8g2/debug/ProjectSource/Locomotion.o
 .debug_abbrev  0x00000fc7      0x152 build/FrameworkWith_u8g2/debug/ProjectSource/LocomotionTestHarness.o
 .debug_abbrev  0x00001119      0x105 build/FrameworkWith_u8g2/debug/u8g2/spi_master.o
 .debug_abbrev  0x0000121e      0x174 build/FrameworkWith_u8g2/debug/u8g2/u8g2_bitmap.o
 .debug_abbrev  0x00001392      0x174 build/FrameworkWith_u8g2/debug/u8g2/u8g2_box.o
 .debug_abbrev  0x00001506      0x1b3 build/FrameworkWith_u8g2/debug/u8g2/u8g2_buffer.o
 .debug_abbrev  0x000016b9      0x21c build/FrameworkWith_u8g2/debug/u8g2/u8g2_circle.o
 .debug_abbrev  0x000018d5      0x14b build/FrameworkWith_u8g2/debug/u8g2/u8g2_cleardisplay.o
 .debug_abbrev  0x00001a20       0x91 build/FrameworkWith_u8g2/debug/u8g2/u8g2_d_memory.o
 .debug_abbrev  0x00001ab1      0x17a build/FrameworkWith_u8g2/debug/u8g2/u8g2_d_setup.o
 .debug_abbrev  0x00001c2b      0x2be build/FrameworkWith_u8g2/debug/u8g2/u8g2_font.o
 .debug_abbrev  0x00001ee9       0x52 build/FrameworkWith_u8g2/debug/u8g2/u8g2_fonts.o
 .debug_abbrev  0x00001f3b      0x189 build/FrameworkWith_u8g2/debug/u8g2/u8g2_hvline.o
 .debug_abbrev  0x000020c4      0x17c build/FrameworkWith_u8g2/debug/u8g2/u8g2_input_value.o
 .debug_abbrev  0x00002240      0x13d build/FrameworkWith_u8g2/debug/u8g2/u8g2_intersection.o
 .debug_abbrev  0x0000237d      0x128 build/FrameworkWith_u8g2/debug/u8g2/u8g2_kerning.o
 .debug_abbrev  0x000024a5      0x132 build/FrameworkWith_u8g2/debug/u8g2/u8g2_line.o
 .debug_abbrev  0x000025d7      0x133 build/FrameworkWith_u8g2/debug/u8g2/u8g2_ll_hvline.o
 .debug_abbrev  0x0000270a      0x17c build/FrameworkWith_u8g2/debug/u8g2/u8g2_message.o
 .debug_abbrev  0x00002886      0x171 build/FrameworkWith_u8g2/debug/u8g2/u8g2_pic32mz.o
 .debug_abbrev  0x000029f7      0x218 build/FrameworkWith_u8g2/debug/u8g2/u8g2_polygon.o
 .debug_abbrev  0x00002c0f      0x1e6 build/FrameworkWith_u8g2/debug/u8g2/u8g2_selection_list.o
 .debug_abbrev  0x00002df5      0x24a build/FrameworkWith_u8g2/debug/u8g2/u8g2_setup.o
 .debug_abbrev  0x0000303f      0x1ac build/FrameworkWith_u8g2/debug/u8g2/u8log.o
 .debug_abbrev  0x000031eb      0x15c build/FrameworkWith_u8g2/debug/u8g2/u8log_u8g2.o
 .debug_abbrev  0x00003347      0x14a build/FrameworkWith_u8g2/debug/u8g2/u8log_u8x8.o
 .debug_abbrev  0x00003491      0x242 build/FrameworkWith_u8g2/debug/u8g2/u8x8_8x8.o
 .debug_abbrev  0x000036d3      0x1e9 build/FrameworkWith_u8g2/debug/u8g2/u8x8_byte.o
 .debug_abbrev  0x000038bc      0x215 build/FrameworkWith_u8g2/debug/u8g2/u8x8_cad.o
 .debug_abbrev  0x00003ad1      0x19f build/FrameworkWith_u8g2/debug/u8g2/u8x8_d_ssd1306_128x64_noname.o
 .debug_abbrev  0x00003c70      0x143 build/FrameworkWith_u8g2/debug/u8g2/u8x8_debounce.o
 .debug_abbrev  0x00003db3      0x18b build/FrameworkWith_u8g2/debug/u8g2/u8x8_display.o
 .debug_abbrev  0x00003f3e       0x1b build/FrameworkWith_u8g2/debug/u8g2/u8x8_fonts.o
 .debug_abbrev  0x00003f59       0xcd build/FrameworkWith_u8g2/debug/u8g2/u8x8_gpio.o
 .debug_abbrev  0x00004026      0x139 build/FrameworkWith_u8g2/debug/u8g2/u8x8_input_value.o
 .debug_abbrev  0x0000415f      0x148 build/FrameworkWith_u8g2/debug/u8g2/u8x8_message.o
 .debug_abbrev  0x000042a7      0x176 build/FrameworkWith_u8g2/debug/u8g2/u8x8_selection_list.o
 .debug_abbrev  0x0000441d      0x169 build/FrameworkWith_u8g2/debug/u8g2/u8x8_setup.o
 .debug_abbrev  0x00004586      0x17c build/FrameworkWith_u8g2/debug/u8g2/u8x8_string.o
 .debug_abbrev  0x00004702       0xbd build/FrameworkWith_u8g2/debug/u8g2/u8x8_u16toa.o
 .debug_abbrev  0x000047bf       0xbd build/FrameworkWith_u8g2/debug/u8g2/u8x8_u8toa.o
 .debug_abbrev  0x0000487c       0x12 C:\Users\ashle\AppData\Local\Temp\ccMCBG3g.o
 .debug_abbrev  0x0000488e       0x62 c:/program files/microchip/xc32/v2.41/bin/bin/../../lib/gcc/pic32mx/4.8.3\libgcc.a(floatunsisf.o)
 .debug_abbrev  0x000048f0       0x28 c:/program files/microchip/xc32/v2.41/bin/bin/../../lib/gcc/pic32mx/4.8.3/../../../../pic32mx/lib\libpic32.a(default-bootstrap-exception-handler.o)
 .debug_abbrev  0x00004918       0x28 c:/program files/microchip/xc32/v2.41/bin/bin/../../lib/gcc/pic32mx/4.8.3/../../../../pic32mx/lib\libpic32.a(default-on-reset.o)
 .debug_abbrev  0x00004940       0x28 c:/program files/microchip/xc32/v2.41/bin/bin/../../lib/gcc/pic32mx/4.8.3/../../../../pic32mx/lib\libpic32.a(default-on-bootstrap.o)
 .debug_abbrev  0x00004968       0x28 c:/program files/microchip/xc32/v2.41/bin/bin/../../lib/gcc/pic32mx/4.8.3/../../../../pic32mx/lib\libpic32.a(default-general-exception-handler.o)
 .debug_abbrev  0x00004990       0x28 c:/program files/microchip/xc32/v2.41/bin/bin/../../lib/gcc/pic32mx/4.8.3/../../../../pic32mx/lib\libpic32.a(defaultinterrupt.o)
 .debug_abbrev  0x000049b8      0x138 c:/program files/microchip/xc32/v2.41/bin/bin/../../lib/gcc/pic32mx/4.8.3\libgcc.a(_udivdi3.o)
 .debug_abbrev  0x00004af0      0x147 c:/program files/microchip/xc32/v2.41/bin/bin/../../lib/gcc/pic32mx/4.8.3\libgcc.a(_umoddi3.o)
 .debug_abbrev  0x00004c37       0x28 c:/program files/microchip/xc32/v2.41/bin/bin/../../lib/gcc/pic32mx/4.8.3/../../../../pic32mx/lib\libpic32.a(_mon_getc.o)
 .debug_abbrev  0x00004c5f       0x28 c:/program files/microchip/xc32/v2.41/bin/bin/../../lib/gcc/pic32mx/4.8.3/../../../../pic32mx/lib\libpic32.a(_mon_write.o)
 .debug_abbrev  0x00004c87       0x28 c:/program files/microchip/xc32/v2.41/bin/bin/../../lib/gcc/pic32mx/4.8.3/../../../../pic32mx/lib\libpic32.a(_mon_putc.o)

.debug_line     0x00000000     0x66ac
 *(.debug_line)
 .debug_line    0x00000000       0x99 c:/program files/microchip/xc32/v2.41/bin/bin/../../lib/gcc/pic32mx/4.8.3/../../../../pic32mx/lib\software-debug-break.o
 .debug_line    0x00000099      0x219 build/FrameworkWith_u8g2/debug/FrameworkSource/ES_Port.o
 .debug_line    0x000002b2      0x1ed build/FrameworkWith_u8g2/debug/FrameworkSource/ES_Timers.o
 .debug_line    0x0000049f       0xf7 build/FrameworkWith_u8g2/debug/FrameworkSource/ES_LookupTables.o
 .debug_line    0x00000596      0x14f build/FrameworkWith_u8g2/debug/FrameworkSource/ES_CheckEvents.o
 .debug_line    0x000006e5      0x17d build/FrameworkWith_u8g2/debug/FrameworkSource/ES_DeferRecall.o
 .debug_line    0x00000862      0x226 build/FrameworkWith_u8g2/debug/FrameworkSource/ES_Framework.o
 .debug_line    0x00000a88      0x1a2 build/FrameworkWith_u8g2/debug/FrameworkSource/ES_Queue.o
 .debug_line    0x00000c2a       0x1d build/FrameworkWith_u8g2/debug/FrameworkSource/ES_PostList.o
 .debug_line    0x00000c47      0x1ea build/FrameworkWith_u8g2/debug/FrameworkSource/terminal.o
 .debug_line    0x00000e31      0x1a9 build/FrameworkWith_u8g2/debug/ProjectSource/main.o
 .debug_line    0x00000fda      0x1ea build/FrameworkWith_u8g2/debug/ProjectSource/EventCheckers.o
 .debug_line    0x000011c4      0x1e8 build/FrameworkWith_u8g2/debug/ProjectSource/dbprintf.o
 .debug_line    0x000013ac      0x44f build/FrameworkWith_u8g2/debug/ProjectSource/Locomotion.o
 .debug_line    0x000017fb      0x258 build/FrameworkWith_u8g2/debug/ProjectSource/LocomotionTestHarness.o
 .debug_line    0x00001a53      0x176 build/FrameworkWith_u8g2/debug/u8g2/spi_master.o
 .debug_line    0x00001bc9      0x1de build/FrameworkWith_u8g2/debug/u8g2/u8g2_bitmap.o
 .debug_line    0x00001da7      0x1c8 build/FrameworkWith_u8g2/debug/u8g2/u8g2_box.o
 .debug_line    0x00001f6f      0x1f3 build/FrameworkWith_u8g2/debug/u8g2/u8g2_buffer.o
 .debug_line    0x00002162      0x2e6 build/FrameworkWith_u8g2/debug/u8g2/u8g2_circle.o
 .debug_line    0x00002448      0x140 build/FrameworkWith_u8g2/debug/u8g2/u8g2_cleardisplay.o
 .debug_line    0x00002588       0xe0 build/FrameworkWith_u8g2/debug/u8g2/u8g2_d_memory.o
 .debug_line    0x00002668      0x14c build/FrameworkWith_u8g2/debug/u8g2/u8g2_d_setup.o
 .debug_line    0x000027b4      0x4a9 build/FrameworkWith_u8g2/debug/u8g2/u8g2_font.o
 .debug_line    0x00002c5d       0xc4 build/FrameworkWith_u8g2/debug/u8g2/u8g2_fonts.o
 .debug_line    0x00002d21      0x1b8 build/FrameworkWith_u8g2/debug/u8g2/u8g2_hvline.o
 .debug_line    0x00002ed9      0x180 build/FrameworkWith_u8g2/debug/u8g2/u8g2_input_value.o
 .debug_line    0x00003059      0x158 build/FrameworkWith_u8g2/debug/u8g2/u8g2_intersection.o
 .debug_line    0x000031b1      0x168 build/FrameworkWith_u8g2/debug/u8g2/u8g2_kerning.o
 .debug_line    0x00003319      0x163 build/FrameworkWith_u8g2/debug/u8g2/u8g2_line.o
 .debug_line    0x0000347c      0x19b build/FrameworkWith_u8g2/debug/u8g2/u8g2_ll_hvline.o
 .debug_line    0x00003617      0x1a3 build/FrameworkWith_u8g2/debug/u8g2/u8g2_message.o
 .debug_line    0x000037ba      0x1d6 build/FrameworkWith_u8g2/debug/u8g2/u8g2_pic32mz.o
 .debug_line    0x00003990      0x241 build/FrameworkWith_u8g2/debug/u8g2/u8g2_polygon.o
 .debug_line    0x00003bd1      0x1e8 build/FrameworkWith_u8g2/debug/u8g2/u8g2_selection_list.o
 .debug_line    0x00003db9      0x23f build/FrameworkWith_u8g2/debug/u8g2/u8g2_setup.o
 .debug_line    0x00003ff8      0x238 build/FrameworkWith_u8g2/debug/u8g2/u8log.o
 .debug_line    0x00004230      0x15d build/FrameworkWith_u8g2/debug/u8g2/u8log_u8g2.o
 .debug_line    0x0000438d      0x14d build/FrameworkWith_u8g2/debug/u8g2/u8log_u8x8.o
 .debug_line    0x000044da      0x2ab build/FrameworkWith_u8g2/debug/u8g2/u8x8_8x8.o
 .debug_line    0x00004785      0x341 build/FrameworkWith_u8g2/debug/u8g2/u8x8_byte.o
 .debug_line    0x00004ac6      0x38e build/FrameworkWith_u8g2/debug/u8g2/u8x8_cad.o
 .debug_line    0x00004e54      0x1f0 build/FrameworkWith_u8g2/debug/u8g2/u8x8_d_ssd1306_128x64_noname.o
 .debug_line    0x00005044      0x174 build/FrameworkWith_u8g2/debug/u8g2/u8x8_debounce.o
 .debug_line    0x000051b8      0x1a4 build/FrameworkWith_u8g2/debug/u8g2/u8x8_display.o
 .debug_line    0x0000535c       0x1d build/FrameworkWith_u8g2/debug/u8g2/u8x8_fonts.o
 .debug_line    0x00005379      0x12c build/FrameworkWith_u8g2/debug/u8g2/u8x8_gpio.o
 .debug_line    0x000054a5      0x170 build/FrameworkWith_u8g2/debug/u8g2/u8x8_input_value.o
 .debug_line    0x00005615      0x190 build/FrameworkWith_u8g2/debug/u8g2/u8x8_message.o
 .debug_line    0x000057a5      0x19e build/FrameworkWith_u8g2/debug/u8g2/u8x8_selection_list.o
 .debug_line    0x00005943      0x159 build/FrameworkWith_u8g2/debug/u8g2/u8x8_setup.o
 .debug_line    0x00005a9c      0x191 build/FrameworkWith_u8g2/debug/u8g2/u8x8_string.o
 .debug_line    0x00005c2d       0xf1 build/FrameworkWith_u8g2/debug/u8g2/u8x8_u16toa.o
 .debug_line    0x00005d1e       0xef build/FrameworkWith_u8g2/debug/u8g2/u8x8_u8toa.o
 .debug_line    0x00005e0d      0x14d C:\Users\ashle\AppData\Local\Temp\ccMCBG3g.o
 .debug_line    0x00005f5a       0x94 c:/program files/microchip/xc32/v2.41/bin/bin/../../lib/gcc/pic32mx/4.8.3\libgcc.a(floatunsisf.o)
 .debug_line    0x00005fee       0xa6 c:/program files/microchip/xc32/v2.41/bin/bin/../../lib/gcc/pic32mx/4.8.3/../../../../pic32mx/lib\libpic32.a(default-bootstrap-exception-handler.o)
 .debug_line    0x00006094       0x93 c:/program files/microchip/xc32/v2.41/bin/bin/../../lib/gcc/pic32mx/4.8.3/../../../../pic32mx/lib\libpic32.a(default-on-reset.o)
 .debug_line    0x00006127       0x97 c:/program files/microchip/xc32/v2.41/bin/bin/../../lib/gcc/pic32mx/4.8.3/../../../../pic32mx/lib\libpic32.a(default-on-bootstrap.o)
 .debug_line    0x000061be        0x0 c:/program files/microchip/xc32/v2.41/bin/bin/../../lib/gcc/pic32mx/4.8.3/../../../../pic32mx/lib\libpic32.a(xc32_uart.o)
 .debug_line    0x000061be       0xa4 c:/program files/microchip/xc32/v2.41/bin/bin/../../lib/gcc/pic32mx/4.8.3/../../../../pic32mx/lib\libpic32.a(default-general-exception-handler.o)
 .debug_line    0x00006262       0xa5 c:/program files/microchip/xc32/v2.41/bin/bin/../../lib/gcc/pic32mx/4.8.3/../../../../pic32mx/lib\libpic32.a(defaultinterrupt.o)
 .debug_line    0x00006307       0xf7 c:/program files/microchip/xc32/v2.41/bin/bin/../../lib/gcc/pic32mx/4.8.3\libgcc.a(_udivdi3.o)
 .debug_line    0x000063fe      0x109 c:/program files/microchip/xc32/v2.41/bin/bin/../../lib/gcc/pic32mx/4.8.3\libgcc.a(_umoddi3.o)
 .debug_line    0x00006507       0x8c c:/program files/microchip/xc32/v2.41/bin/bin/../../lib/gcc/pic32mx/4.8.3/../../../../pic32mx/lib\libpic32.a(_mon_getc.o)
 .debug_line    0x00006593       0x8d c:/program files/microchip/xc32/v2.41/bin/bin/../../lib/gcc/pic32mx/4.8.3/../../../../pic32mx/lib\libpic32.a(_mon_write.o)
 .debug_line    0x00006620       0x8c c:/program files/microchip/xc32/v2.41/bin/bin/../../lib/gcc/pic32mx/4.8.3/../../../../pic32mx/lib\libpic32.a(_mon_putc.o)

.debug_frame    0x00000000     0x34b0
 *(.debug_frame)
 .debug_frame   0x00000000       0x20 c:/program files/microchip/xc32/v2.41/bin/bin/../../lib/gcc/pic32mx/4.8.3/../../../../pic32mx/lib\software-debug-break.o
 .debug_frame   0x00000020       0xec build/FrameworkWith_u8g2/debug/FrameworkSource/ES_Port.o
 .debug_frame   0x0000010c       0xfc build/FrameworkWith_u8g2/debug/FrameworkSource/ES_Timers.o
 .debug_frame   0x00000208       0x30 build/FrameworkWith_u8g2/debug/FrameworkSource/ES_LookupTables.o
 .debug_frame   0x00000238       0x34 build/FrameworkWith_u8g2/debug/FrameworkSource/ES_CheckEvents.o
 .debug_frame   0x0000026c       0x34 build/FrameworkWith_u8g2/debug/FrameworkSource/ES_DeferRecall.o
 .debug_frame   0x000002a0       0xc4 build/FrameworkWith_u8g2/debug/FrameworkSource/ES_Framework.o
 .debug_frame   0x00000364       0xbc build/FrameworkWith_u8g2/debug/FrameworkSource/ES_Queue.o
 .debug_frame   0x00000420       0x90 build/FrameworkWith_u8g2/debug/FrameworkSource/terminal.o
 .debug_frame   0x000004b0       0x2c build/FrameworkWith_u8g2/debug/ProjectSource/main.o
 .debug_frame   0x000004dc       0x34 build/FrameworkWith_u8g2/debug/ProjectSource/EventCheckers.o
 .debug_frame   0x00000510       0x58 build/FrameworkWith_u8g2/debug/ProjectSource/dbprintf.o
 .debug_frame   0x00000568      0x388 build/FrameworkWith_u8g2/debug/ProjectSource/Locomotion.o
 .debug_frame   0x000008f0       0x7c build/FrameworkWith_u8g2/debug/ProjectSource/LocomotionTestHarness.o
 .debug_frame   0x0000096c       0x78 build/FrameworkWith_u8g2/debug/u8g2/spi_master.o
 .debug_frame   0x000009e4      0x108 build/FrameworkWith_u8g2/debug/u8g2/u8g2_bitmap.o
 .debug_frame   0x00000aec       0xa0 build/FrameworkWith_u8g2/debug/u8g2/u8g2_box.o
 .debug_frame   0x00000b8c      0x154 build/FrameworkWith_u8g2/debug/u8g2/u8g2_buffer.o
 .debug_frame   0x00000ce0      0x1c0 build/FrameworkWith_u8g2/debug/u8g2/u8g2_circle.o
 .debug_frame   0x00000ea0       0x34 build/FrameworkWith_u8g2/debug/u8g2/u8g2_cleardisplay.o
 .debug_frame   0x00000ed4       0x50 build/FrameworkWith_u8g2/debug/u8g2/u8g2_d_memory.o
 .debug_frame   0x00000f24       0x58 build/FrameworkWith_u8g2/debug/u8g2/u8g2_d_setup.o
 .debug_frame   0x00000f7c      0x6c8 build/FrameworkWith_u8g2/debug/u8g2/u8g2_font.o
 .debug_frame   0x00001644      0x108 build/FrameworkWith_u8g2/debug/u8g2/u8g2_hvline.o
 .debug_frame   0x0000174c       0x34 build/FrameworkWith_u8g2/debug/u8g2/u8g2_input_value.o
 .debug_frame   0x00001780       0x54 build/FrameworkWith_u8g2/debug/u8g2/u8g2_intersection.o
 .debug_frame   0x000017d4       0x54 build/FrameworkWith_u8g2/debug/u8g2/u8g2_kerning.o
 .debug_frame   0x00001828       0x34 build/FrameworkWith_u8g2/debug/u8g2/u8g2_line.o
 .debug_frame   0x0000185c       0x58 build/FrameworkWith_u8g2/debug/u8g2/u8g2_ll_hvline.o
 .debug_frame   0x000018b4       0x58 build/FrameworkWith_u8g2/debug/u8g2/u8g2_message.o
 .debug_frame   0x0000190c       0x58 build/FrameworkWith_u8g2/debug/u8g2/u8g2_pic32mz.o
 .debug_frame   0x00001964      0x240 build/FrameworkWith_u8g2/debug/u8g2/u8g2_polygon.o
 .debug_frame   0x00001ba4       0xc4 build/FrameworkWith_u8g2/debug/u8g2/u8g2_selection_list.o
 .debug_frame   0x00001c68      0x2e0 build/FrameworkWith_u8g2/debug/u8g2/u8g2_setup.o
 .debug_frame   0x00001f48      0x260 build/FrameworkWith_u8g2/debug/u8g2/u8log.o
 .debug_frame   0x000021a8       0x58 build/FrameworkWith_u8g2/debug/u8g2/u8log_u8g2.o
 .debug_frame   0x00002200       0x7c build/FrameworkWith_u8g2/debug/u8g2/u8log_u8x8.o
 .debug_frame   0x0000227c      0x314 build/FrameworkWith_u8g2/debug/u8g2/u8x8_8x8.o
 .debug_frame   0x00002590      0x390 build/FrameworkWith_u8g2/debug/u8g2/u8x8_byte.o
 .debug_frame   0x00002920      0x304 build/FrameworkWith_u8g2/debug/u8g2/u8x8_cad.o
 .debug_frame   0x00002c24      0x10c build/FrameworkWith_u8g2/debug/u8g2/u8x8_d_ssd1306_128x64_noname.o
 .debug_frame   0x00002d30       0x78 build/FrameworkWith_u8g2/debug/u8g2/u8x8_debounce.o
 .debug_frame   0x00002da8      0x1e0 build/FrameworkWith_u8g2/debug/u8g2/u8x8_display.o
 .debug_frame   0x00002f88       0x34 build/FrameworkWith_u8g2/debug/u8g2/u8x8_gpio.o
 .debug_frame   0x00002fbc       0x34 build/FrameworkWith_u8g2/debug/u8g2/u8x8_input_value.o
 .debug_frame   0x00002ff0       0x58 build/FrameworkWith_u8g2/debug/u8g2/u8x8_message.o
 .debug_frame   0x00003048       0xbc build/FrameworkWith_u8g2/debug/u8g2/u8x8_selection_list.o
 .debug_frame   0x00003104       0x98 build/FrameworkWith_u8g2/debug/u8g2/u8x8_setup.o
 .debug_frame   0x0000319c       0xbc build/FrameworkWith_u8g2/debug/u8g2/u8x8_string.o
 .debug_frame   0x00003258       0x54 build/FrameworkWith_u8g2/debug/u8g2/u8x8_u16toa.o
 .debug_frame   0x000032ac       0x54 build/FrameworkWith_u8g2/debug/u8g2/u8x8_u8toa.o
 .debug_frame   0x00003300       0x30 c:/program files/microchip/xc32/v2.41/bin/bin/../../lib/gcc/pic32mx/4.8.3\libgcc.a(floatunsisf.o)
 .debug_frame   0x00003330       0x2c c:/program files/microchip/xc32/v2.41/bin/bin/../../lib/gcc/pic32mx/4.8.3/../../../../pic32mx/lib\libpic32.a(default-bootstrap-exception-handler.o)
 .debug_frame   0x0000335c       0x20 c:/program files/microchip/xc32/v2.41/bin/bin/../../lib/gcc/pic32mx/4.8.3/../../../../pic32mx/lib\libpic32.a(default-on-reset.o)
 .debug_frame   0x0000337c       0x20 c:/program files/microchip/xc32/v2.41/bin/bin/../../lib/gcc/pic32mx/4.8.3/../../../../pic32mx/lib\libpic32.a(default-on-bootstrap.o)
 .debug_frame   0x0000339c       0x2c c:/program files/microchip/xc32/v2.41/bin/bin/../../lib/gcc/pic32mx/4.8.3/../../../../pic32mx/lib\libpic32.a(default-general-exception-handler.o)
 .debug_frame   0x000033c8       0x20 c:/program files/microchip/xc32/v2.41/bin/bin/../../lib/gcc/pic32mx/4.8.3/../../../../pic32mx/lib\libpic32.a(defaultinterrupt.o)
 .debug_frame   0x000033e8       0x20 c:/program files/microchip/xc32/v2.41/bin/bin/../../lib/gcc/pic32mx/4.8.3\libgcc.a(_udivdi3.o)
 .debug_frame   0x00003408       0x20 c:/program files/microchip/xc32/v2.41/bin/bin/../../lib/gcc/pic32mx/4.8.3\libgcc.a(_umoddi3.o)
 .debug_frame   0x00003428       0x2c c:/program files/microchip/xc32/v2.41/bin/bin/../../lib/gcc/pic32mx/4.8.3/../../../../pic32mx/lib\libpic32.a(_mon_getc.o)
 .debug_frame   0x00003454       0x30 c:/program files/microchip/xc32/v2.41/bin/bin/../../lib/gcc/pic32mx/4.8.3/../../../../pic32mx/lib\libpic32.a(_mon_write.o)
 .debug_frame   0x00003484       0x2c c:/program files/microchip/xc32/v2.41/bin/bin/../../lib/gcc/pic32mx/4.8.3/../../../../pic32mx/lib\libpic32.a(_mon_putc.o)

.debug_str      0x00000000      0x385
 *(.debug_str)
 .debug_str     0x00000000        0x0 c:/program files/microchip/xc32/v2.41/bin/bin/../../lib/gcc/pic32mx/4.8.3/../../../../pic32mx/lib\software-debug-break.o
 .debug_str     0x00000000        0x0 build/FrameworkWith_u8g2/debug/FrameworkSource/ES_Port.o
 .debug_str     0x00000000        0x0 build/FrameworkWith_u8g2/debug/FrameworkSource/ES_Timers.o
 .debug_str     0x00000000        0x0 build/FrameworkWith_u8g2/debug/FrameworkSource/ES_LookupTables.o
 .debug_str     0x00000000        0x0 build/FrameworkWith_u8g2/debug/FrameworkSource/ES_CheckEvents.o
 .debug_str     0x00000000        0x0 build/FrameworkWith_u8g2/debug/FrameworkSource/ES_DeferRecall.o
 .debug_str     0x00000000       0x20 build/FrameworkWith_u8g2/debug/FrameworkSource/ES_Framework.o
 .debug_str     0x00000020       0x1c build/FrameworkWith_u8g2/debug/FrameworkSource/ES_Queue.o
 .debug_str     0x0000003c        0x0 build/FrameworkWith_u8g2/debug/FrameworkSource/ES_PostList.o
 .debug_str     0x0000003c        0x0 build/FrameworkWith_u8g2/debug/FrameworkSource/terminal.o
 .debug_str     0x0000003c        0x0 build/FrameworkWith_u8g2/debug/ProjectSource/main.o
 .debug_str     0x0000003c        0x0 build/FrameworkWith_u8g2/debug/ProjectSource/EventCheckers.o
 .debug_str     0x0000003c        0xb build/FrameworkWith_u8g2/debug/ProjectSource/dbprintf.o
 .debug_str     0x00000047       0x30 build/FrameworkWith_u8g2/debug/ProjectSource/Locomotion.o
 .debug_str     0x00000077        0xa build/FrameworkWith_u8g2/debug/ProjectSource/LocomotionTestHarness.o
 .debug_str     0x00000081        0x0 build/FrameworkWith_u8g2/debug/u8g2/spi_master.o
 .debug_str     0x00000081       0x2b build/FrameworkWith_u8g2/debug/u8g2/u8g2_bitmap.o
 .debug_str     0x000000ac        0x9 build/FrameworkWith_u8g2/debug/u8g2/u8g2_box.o
 .debug_str     0x000000b5        0xe build/FrameworkWith_u8g2/debug/u8g2/u8g2_buffer.o
 .debug_str     0x000000c3       0x15 build/FrameworkWith_u8g2/debug/u8g2/u8g2_circle.o
 .debug_str     0x000000d8        0x9 build/FrameworkWith_u8g2/debug/u8g2/u8g2_cleardisplay.o
 .debug_str     0x000000e1        0x9 build/FrameworkWith_u8g2/debug/u8g2/u8g2_d_memory.o
 .debug_str     0x000000ea       0x3c build/FrameworkWith_u8g2/debug/u8g2/u8g2_d_setup.o
 .debug_str     0x00000126       0x5a build/FrameworkWith_u8g2/debug/u8g2/u8g2_font.o
 .debug_str     0x00000180        0x0 build/FrameworkWith_u8g2/debug/u8g2/u8g2_fonts.o